Archive member included to satisfy reference by file (symbol)

/usr/lib/gcc/arm-none-eabi/10.3.1/thumb/v7e-m+fp/hard/libgcc.a(_arm_muldf3.o)
                              CMakeFiles/Airplane.dir/Driver/Src/MPU6050.obj (__aeabi_dmul)
/usr/lib/gcc/arm-none-eabi/10.3.1/thumb/v7e-m+fp/hard/libgcc.a(_arm_addsubdf3.o)
                              CMakeFiles/Airplane.dir/Driver/Src/MPU6050.obj (__aeabi_dsub)
/usr/lib/gcc/arm-none-eabi/10.3.1/thumb/v7e-m+fp/hard/libgcc.a(_arm_muldivdf3.o)
                              CMakeFiles/Airplane.dir/Driver/Src/gaussnewton.obj (__aeabi_ddiv)
/usr/lib/gcc/arm-none-eabi/10.3.1/thumb/v7e-m+fp/hard/libgcc.a(_arm_cmpdf2.o)
                              CMakeFiles/Airplane.dir/Driver/Src/gaussnewton.obj (__aeabi_dcmpeq)
/usr/lib/gcc/arm-none-eabi/10.3.1/thumb/v7e-m+fp/hard/libgcc.a(_arm_truncdfsf2.o)
                              CMakeFiles/Airplane.dir/Driver/Src/MPU6050.obj (__aeabi_d2f)
/usr/lib/gcc/arm-none-eabi/10.3.1/../../../arm-none-eabi/lib/thumb/v7e-m+fp/hard/libc.a(lib_a-atexit.o)
                              /usr/lib/gcc/arm-none-eabi/10.3.1/../../../arm-none-eabi/lib/thumb/v7e-m+fp/hard/rdimon-crt0.o (atexit)
/usr/lib/gcc/arm-none-eabi/10.3.1/../../../arm-none-eabi/lib/thumb/v7e-m+fp/hard/libc.a(lib_a-calloc.o)
                              CMakeFiles/Airplane.dir/Driver/Src/mymadgwick.obj (calloc)
/usr/lib/gcc/arm-none-eabi/10.3.1/../../../arm-none-eabi/lib/thumb/v7e-m+fp/hard/libc.a(lib_a-callocr.o)
                              /usr/lib/gcc/arm-none-eabi/10.3.1/../../../arm-none-eabi/lib/thumb/v7e-m+fp/hard/libc.a(lib_a-calloc.o) (_calloc_r)
/usr/lib/gcc/arm-none-eabi/10.3.1/../../../arm-none-eabi/lib/thumb/v7e-m+fp/hard/libc.a(lib_a-exit.o)
                              /usr/lib/gcc/arm-none-eabi/10.3.1/../../../arm-none-eabi/lib/thumb/v7e-m+fp/hard/rdimon-crt0.o (exit)
/usr/lib/gcc/arm-none-eabi/10.3.1/../../../arm-none-eabi/lib/thumb/v7e-m+fp/hard/libc.a(lib_a-fini.o)
                              /usr/lib/gcc/arm-none-eabi/10.3.1/../../../arm-none-eabi/lib/thumb/v7e-m+fp/hard/rdimon-crt0.o (__libc_fini_array)
/usr/lib/gcc/arm-none-eabi/10.3.1/../../../arm-none-eabi/lib/thumb/v7e-m+fp/hard/libc.a(lib_a-impure.o)
                              /usr/lib/gcc/arm-none-eabi/10.3.1/../../../arm-none-eabi/lib/thumb/v7e-m+fp/hard/libc.a(lib_a-exit.o) (_global_impure_ptr)
/usr/lib/gcc/arm-none-eabi/10.3.1/../../../arm-none-eabi/lib/thumb/v7e-m+fp/hard/libc.a(lib_a-init.o)
                              /usr/lib/gcc/arm-none-eabi/10.3.1/../../../arm-none-eabi/lib/thumb/v7e-m+fp/hard/rdimon-crt0.o (__libc_init_array)
/usr/lib/gcc/arm-none-eabi/10.3.1/../../../arm-none-eabi/lib/thumb/v7e-m+fp/hard/libc.a(lib_a-mallocr.o)
                              /usr/lib/gcc/arm-none-eabi/10.3.1/../../../arm-none-eabi/lib/thumb/v7e-m+fp/hard/libc.a(lib_a-callocr.o) (_malloc_r)
/usr/lib/gcc/arm-none-eabi/10.3.1/../../../arm-none-eabi/lib/thumb/v7e-m+fp/hard/libc.a(lib_a-memset.o)
                              /usr/lib/gcc/arm-none-eabi/10.3.1/../../../arm-none-eabi/lib/thumb/v7e-m+fp/hard/rdimon-crt0.o (memset)
/usr/lib/gcc/arm-none-eabi/10.3.1/../../../arm-none-eabi/lib/thumb/v7e-m+fp/hard/libc.a(lib_a-mlock.o)
                              /usr/lib/gcc/arm-none-eabi/10.3.1/../../../arm-none-eabi/lib/thumb/v7e-m+fp/hard/libc.a(lib_a-mallocr.o) (__malloc_lock)
/usr/lib/gcc/arm-none-eabi/10.3.1/../../../arm-none-eabi/lib/thumb/v7e-m+fp/hard/libc.a(lib_a-sbrkr.o)
                              /usr/lib/gcc/arm-none-eabi/10.3.1/../../../arm-none-eabi/lib/thumb/v7e-m+fp/hard/libc.a(lib_a-mallocr.o) (_sbrk_r)
/usr/lib/gcc/arm-none-eabi/10.3.1/../../../arm-none-eabi/lib/thumb/v7e-m+fp/hard/libc.a(lib_a-sprintf.o)
                              CMakeFiles/Airplane.dir/Driver/Src/USART.obj (sprintf)
/usr/lib/gcc/arm-none-eabi/10.3.1/../../../arm-none-eabi/lib/thumb/v7e-m+fp/hard/libc.a(lib_a-strlen.o)
                              CMakeFiles/Airplane.dir/Driver/Src/USART.obj (strlen)
/usr/lib/gcc/arm-none-eabi/10.3.1/../../../arm-none-eabi/lib/thumb/v7e-m+fp/hard/libc.a(lib_a-svfprintf.o)
                              /usr/lib/gcc/arm-none-eabi/10.3.1/../../../arm-none-eabi/lib/thumb/v7e-m+fp/hard/libc.a(lib_a-sprintf.o) (_svfprintf_r)
/usr/lib/gcc/arm-none-eabi/10.3.1/../../../arm-none-eabi/lib/thumb/v7e-m+fp/hard/libc.a(lib_a-vsnprintf.o)
                              CMakeFiles/Airplane.dir/Driver/Src/USART.obj (vsnprintf)
/usr/lib/gcc/arm-none-eabi/10.3.1/../../../arm-none-eabi/lib/thumb/v7e-m+fp/hard/libc.a(lib_a-__atexit.o)
                              /usr/lib/gcc/arm-none-eabi/10.3.1/../../../arm-none-eabi/lib/thumb/v7e-m+fp/hard/libc.a(lib_a-atexit.o) (__register_exitproc)
/usr/lib/gcc/arm-none-eabi/10.3.1/../../../arm-none-eabi/lib/thumb/v7e-m+fp/hard/libc.a(lib_a-__call_atexit.o)
                              /usr/lib/gcc/arm-none-eabi/10.3.1/../../../arm-none-eabi/lib/thumb/v7e-m+fp/hard/libc.a(lib_a-exit.o) (__call_exitprocs)
[...]
Memory Configuration

Name             Origin             Length             Attributes
RAM              0x0000000020000000 0x0000000000018000 xrw
FLASH            0x0000000008000000 0x0000000000080000 xr
*default*        0x0000000000000000 0xffffffffffffffff

Linker script and memory map

LOAD /usr/lib/gcc/arm-none-eabi/10.3.1/thumb/v7e-m+fp/hard/crti.o
LOAD /usr/lib/gcc/arm-none-eabi/10.3.1/thumb/v7e-m+fp/hard/crtbegin.o
LOAD /usr/lib/gcc/arm-none-eabi/10.3.1/../../../arm-none-eabi/lib/thumb/v7e-m+fp/hard/rdimon-crt0.o
LOAD CMakeFiles/Airplane.dir/Driver/Src/Delay.obj
LOAD CMakeFiles/Airplane.dir/Driver/Src/HMC5883L.obj
LOAD CMakeFiles/Airplane.dir/Driver/Src/Led.obj
LOAD CMakeFiles/Airplane.dir/Driver/Src/MPU6050.obj
LOAD CMakeFiles/Airplane.dir/Driver/Src/OLED.obj
LOAD CMakeFiles/Airplane.dir/Driver/Src/PWM.obj
LOAD CMakeFiles/Airplane.dir/Driver/Src/Timer.obj
LOAD CMakeFiles/Airplane.dir/Driver/Src/USART.obj
LOAD CMakeFiles/Airplane.dir/Driver/Src/anotc.obj
LOAD CMakeFiles/Airplane.dir/Driver/Src/attitude.obj
LOAD CMakeFiles/Airplane.dir/Driver/Src/gaussnewton.obj
LOAD CMakeFiles/Airplane.dir/Driver/Src/madgwick.obj
LOAD CMakeFiles/Airplane.dir/Driver/Src/motor.obj
LOAD CMakeFiles/Airplane.dir/Driver/Src/myiic.obj
LOAD CMakeFiles/Airplane.dir/Driver/Src/mymadgwick.obj
LOAD CMakeFiles/Airplane.dir/Driver/Src/pid.obj
LOAD CMakeFiles/Airplane.dir/OS/Src/app_hooks.obj
LOAD CMakeFiles/Airplane.dir/OS/Src/os_cpu_c.obj
LOAD CMakeFiles/Airplane.dir/OS/Src/os_dbg_r.obj
LOAD CMakeFiles/Airplane.dir/OS/Src/ucos_ii.obj
LOAD CMakeFiles/Airplane.dir/STM32F40xLib/Src/misc.obj
LOAD CMakeFiles/Airplane.dir/STM32F40xLib/Src/stm32f4xx_adc.obj
LOAD CMakeFiles/Airplane.dir/STM32F40xLib/Src/stm32f4xx_can.obj
LOAD CMakeFiles/Airplane.dir/STM32F40xLib/Src/stm32f4xx_cec.obj
LOAD CMakeFiles/Airplane.dir/STM32F40xLib/Src/stm32f4xx_crc.obj
LOAD CMakeFiles/Airplane.dir/STM32F40xLib/Src/stm32f4xx_cryp.obj
LOAD CMakeFiles/Airplane.dir/STM32F40xLib/Src/stm32f4xx_cryp_aes.obj
LOAD CMakeFiles/Airplane.dir/STM32F40xLib/Src/stm32f4xx_cryp_des.obj
LOAD CMakeFiles/Airplane.dir/STM32F40xLib/Src/stm32f4xx_cryp_tdes.obj
LOAD CMakeFiles/Airplane.dir/STM32F40xLib/Src/stm32f4xx_dac.obj
LOAD CMakeFiles/Airplane.dir/STM32F40xLib/Src/stm32f4xx_dbgmcu.obj
LOAD CMakeFiles/Airplane.dir/STM32F40xLib/Src/stm32f4xx_dcmi.obj
LOAD CMakeFiles/Airplane.dir/STM32F40xLib/Src/stm32f4xx_dfsdm.obj
LOAD CMakeFiles/Airplane.dir/STM32F40xLib/Src/stm32f4xx_dma.obj
LOAD CMakeFiles/Airplane.dir/STM32F40xLib/Src/stm32f4xx_dma2d.obj
LOAD CMakeFiles/Airplane.dir/STM32F40xLib/Src/stm32f4xx_dsi.obj
LOAD CMakeFiles/Airplane.dir/STM32F40xLib/Src/stm32f4xx_exti.obj
LOAD CMakeFiles/Airplane.dir/STM32F40xLib/Src/stm32f4xx_flash.obj
LOAD CMakeFiles/Airplane.dir/STM32F40xLib/Src/stm32f4xx_flash_ramfunc.obj
LOAD CMakeFiles/Airplane.dir/STM32F40xLib/Src/stm32f4xx_fmpi2c.obj
LOAD CMakeFiles/Airplane.dir/STM32F40xLib/Src/stm32f4xx_gpio.obj
LOAD CMakeFiles/Airplane.dir/STM32F40xLib/Src/stm32f4xx_hash.obj
LOAD CMakeFiles/Airplane.dir/STM32F40xLib/Src/stm32f4xx_hash_md5.obj
LOAD CMakeFiles/Airplane.dir/STM32F40xLib/Src/stm32f4xx_hash_sha1.obj
LOAD CMakeFiles/Airplane.dir/STM32F40xLib/Src/stm32f4xx_i2c.obj
LOAD CMakeFiles/Airplane.dir/STM32F40xLib/Src/stm32f4xx_it.obj
LOAD CMakeFiles/Airplane.dir/STM32F40xLib/Src/stm32f4xx_iwdg.obj
LOAD CMakeFiles/Airplane.dir/STM32F40xLib/Src/stm32f4xx_lptim.obj
LOAD CMakeFiles/Airplane.dir/STM32F40xLib/Src/stm32f4xx_ltdc.obj
LOAD CMakeFiles/Airplane.dir/STM32F40xLib/Src/stm32f4xx_pwr.obj
LOAD CMakeFiles/Airplane.dir/STM32F40xLib/Src/stm32f4xx_qspi.obj
LOAD CMakeFiles/Airplane.dir/STM32F40xLib/Src/stm32f4xx_rcc.obj
LOAD CMakeFiles/Airplane.dir/STM32F40xLib/Src/stm32f4xx_rng.obj
LOAD CMakeFiles/Airplane.dir/STM32F40xLib/Src/stm32f4xx_rtc.obj
LOAD CMakeFiles/Airplane.dir/STM32F40xLib/Src/stm32f4xx_sai.obj
LOAD CMakeFiles/Airplane.dir/STM32F40xLib/Src/stm32f4xx_sdio.obj
LOAD CMakeFiles/Airplane.dir/STM32F40xLib/Src/stm32f4xx_spdifrx.obj
LOAD CMakeFiles/Airplane.dir/STM32F40xLib/Src/stm32f4xx_spi.obj
LOAD CMakeFiles/Airplane.dir/STM32F40xLib/Src/stm32f4xx_syscfg.obj
LOAD CMakeFiles/Airplane.dir/STM32F40xLib/Src/stm32f4xx_tim.obj
LOAD CMakeFiles/Airplane.dir/STM32F40xLib/Src/stm32f4xx_usart.obj
LOAD CMakeFiles/Airplane.dir/STM32F40xLib/Src/stm32f4xx_wwdg.obj
LOAD CMakeFiles/Airplane.dir/STM32F40xLib/Src/system_stm32f4xx.obj
LOAD CMakeFiles/Airplane.dir/USR/main.obj
LOAD CMakeFiles/Airplane.dir/USR/mutex.obj
LOAD CMakeFiles/Airplane.dir/USR/task.obj
LOAD CMakeFiles/Airplane.dir/startup_stm32f401xe.obj
LOAD CMakeFiles/Airplane.dir/OS/os_cpu_a.obj
START GROUP
LOAD /usr/lib/gcc/arm-none-eabi/10.3.1/thumb/v7e-m+fp/hard/libgcc.a
LOAD /usr/lib/gcc/arm-none-eabi/10.3.1/../../../arm-none-eabi/lib/thumb/v7e-m+fp/hard/libc.a
END GROUP
START GROUP
LOAD /usr/lib/gcc/arm-none-eabi/10.3.1/thumb/v7e-m+fp/hard/libgcc.a
LOAD /usr/lib/gcc/arm-none-eabi/10.3.1/../../../arm-none-eabi/lib/thumb/v7e-m+fp/hard/libc.a
LOAD /usr/lib/gcc/arm-none-eabi/10.3.1/../../../arm-none-eabi/lib/thumb/v7e-m+fp/hard/librdimon.a
END GROUP
START GROUP
LOAD /usr/lib/gcc/arm-none-eabi/10.3.1/thumb/v7e-m+fp/hard/libgcc.a
LOAD /usr/lib/gcc/arm-none-eabi/10.3.1/../../../arm-none-eabi/lib/thumb/v7e-m+fp/hard/libc.a
LOAD /usr/lib/gcc/arm-none-eabi/10.3.1/../../../arm-none-eabi/lib/thumb/v7e-m+fp/hard/libnosys.a
END GROUP
LOAD /usr/lib/gcc/arm-none-eabi/10.3.1/thumb/v7e-m+fp/hard/crtend.o
LOAD /usr/lib/gcc/arm-none-eabi/10.3.1/thumb/v7e-m+fp/hard/crtn.o
                0x0000000020018000                _estack = 0x20018000
                0x0000000000000200                _Min_Heap_Size = 0x200
                0x0000000000000400                _Min_Stack_Size = 0x400

.isr_vector     0x0000000008000000      0x194
                0x0000000008000000                . = ALIGN (0x4)
 *(.isr_vector)
 .isr_vector    0x0000000008000000      0x194 CMakeFiles/Airplane.dir/startup_stm32f401xe.obj
                0x0000000008000000                g_pfnVectors
                0x0000000008000194                . = ALIGN (0x4)

.text           0x0000000008000198     0x7eb0
                0x0000000008000198                . = ALIGN (0x4)
 *(.text)
 .text          0x0000000008000198       0x88 /usr/lib/gcc/arm-none-eabi/10.3.1/thumb/v7e-m+fp/hard/crtbegin.o
 .text          0x0000000008000220      0x160 CMakeFiles/Airplane.dir/OS/os_cpu_a.obj
                0x0000000008000220                OS_CPU_FP_Reg_Push
                0x0000000008000232                OS_CPU_FP_Reg_Pop
                0x000000000800023e                OS_CPU_SR_Save
                0x000000000800025a                OS_CPU_SR_Restore
                0x000000000800026c                OSStartHighRdy
                0x00000000080002ec                OSCtxSw
                0x00000000080002ec                OSIntCtxSw
                0x00000000080002f6                OS_CPU_PendSVHandler
 .text          0x0000000008000380      0x378 /usr/lib/gcc/arm-none-eabi/10.3.1/thumb/v7e-m+fp/hard/libgcc.a(_arm_addsubdf3.o)
                0x0000000008000380                __aeabi_drsub
                0x0000000008000388                __aeabi_dsub
                0x0000000008000388                __subdf3
                0x000000000800038c                __adddf3
                0x000000000800038c                __aeabi_dadd
                0x0000000008000604                __aeabi_ui2d
                0x0000000008000604                __floatunsidf
                0x0000000008000624                __floatsidf
                0x0000000008000624                __aeabi_i2d
                0x0000000008000648                __extendsfdf2
                0x0000000008000648                __aeabi_f2d
                0x000000000800068c                __aeabi_ul2d
                0x000000000800068c                __floatundidf
                0x000000000800069c                __floatdidf
                0x000000000800069c                __aeabi_l2d
 .text          0x00000000080006f8      0x424 /usr/lib/gcc/arm-none-eabi/10.3.1/thumb/v7e-m+fp/hard/libgcc.a(_arm_muldivdf3.o)
                0x00000000080006f8                __aeabi_dmul
                0x00000000080006f8                __muldf3
                0x000000000800094c                __aeabi_ddiv
                0x000000000800094c                __divdf3
 .text          0x0000000008000b1c      0x110 /usr/lib/gcc/arm-none-eabi/10.3.1/thumb/v7e-m+fp/hard/libgcc.a(_arm_cmpdf2.o)
                0x0000000008000b1c                __gtdf2
                0x0000000008000b1c                __gedf2
                0x0000000008000b24                __ltdf2
                0x0000000008000b24                __ledf2
                0x0000000008000b2c                __cmpdf2
                0x0000000008000b2c                __eqdf2
                0x0000000008000b2c                __nedf2
                0x0000000008000ba8                __aeabi_cdrcmple
                0x0000000008000bb8                __aeabi_cdcmple
                0x0000000008000bb8                __aeabi_cdcmpeq
                0x0000000008000bc8                __aeabi_dcmpeq
                0x0000000008000bdc                __aeabi_dcmplt
                0x0000000008000bf0                __aeabi_dcmple
                0x0000000008000c04                __aeabi_dcmpge
                0x0000000008000c18                __aeabi_dcmpgt
 .text          0x0000000008000c2c       0xa0 /usr/lib/gcc/arm-none-eabi/10.3.1/thumb/v7e-m+fp/hard/libgcc.a(_arm_truncdfsf2.o)
                0x0000000008000c2c                __aeabi_d2f
                0x0000000008000c2c                __truncdfsf2
 .text          0x0000000008000ccc        0xc /usr/lib/gcc/arm-none-eabi/10.3.1/../../../arm-none-eabi/lib/thumb/v7e-m+fp/hard/libc.a(lib_a-atexit.o)
                0x0000000008000ccc                atexit
 .text          0x0000000008000cd8       0x2c /usr/lib/gcc/arm-none-eabi/10.3.1/../../../arm-none-eabi/lib/thumb/v7e-m+fp/hard/libc.a(lib_a-fini.o)
                0x0000000008000cd8                __libc_fini_array
 .text          0x0000000008000d04       0x48 /usr/lib/gcc/arm-none-eabi/10.3.1/../../../arm-none-eabi/lib/thumb/v7e-m+fp/hard/libc.a(lib_a-init.o)
                0x0000000008000d04                __libc_init_array
 .text          0x0000000008000d4c       0x68 /usr/lib/gcc/arm-none-eabi/10.3.1/../../../arm-none-eabi/lib/thumb/v7e-m+fp/hard/libc.a(lib_a-__atexit.o)
                0x0000000008000d4c                __register_exitproc
 .text          0x0000000008000db4       0x2c /usr/lib/gcc/arm-none-eabi/10.3.1/thumb/v7e-m+fp/hard/libgcc.a(_arm_unorddf2.o)
                0x0000000008000db4                __aeabi_dcmpun
                0x0000000008000db4                __unorddf2
 .text          0x0000000008000de0        0xc /usr/lib/gcc/arm-none-eabi/10.3.1/../../../arm-none-eabi/lib/thumb/v7e-m+fp/hard/libc.a(lib_a-errno.o)
                0x0000000008000de0                __errno
 .text          0x0000000008000dec       0x78 /usr/lib/gcc/arm-none-eabi/10.3.1/../../../arm-none-eabi/lib/thumb/v7e-m+fp/hard/libm.a(lib_a-w_asin.o)
                0x0000000008000dec                asin
 .text          0x0000000008000e64        0x4 /usr/lib/gcc/arm-none-eabi/10.3.1/../../../arm-none-eabi/lib/thumb/v7e-m+fp/hard/libm.a(lib_a-w_atan2.o)
                0x0000000008000e64                atan2
 .text          0x0000000008000e68        0x4 /usr/lib/gcc/arm-none-eabi/10.3.1/../../../arm-none-eabi/lib/thumb/v7e-m+fp/hard/libm.a(lib_a-wf_atan2.o)
                0x0000000008000e68                atan2f
 *fill*         0x0000000008000e6c        0x4 
 .text          0x0000000008000e70      0x4a4 /usr/lib/gcc/arm-none-eabi/10.3.1/../../../arm-none-eabi/lib/thumb/v7e-m+fp/hard/libm.a(lib_a-e_asin.o)
                0x0000000008000e70                __ieee754_asin
 *fill*         0x0000000008001314        0x4 
 .text          0x0000000008001318      0x1a8 /usr/lib/gcc/arm-none-eabi/10.3.1/../../../arm-none-eabi/lib/thumb/v7e-m+fp/hard/libm.a(lib_a-e_atan2.o)
                0x0000000008001318                __ieee754_atan2
 .text          0x00000000080014c0      0x198 /usr/lib/gcc/arm-none-eabi/10.3.1/../../../arm-none-eabi/lib/thumb/v7e-m+fp/hard/libm.a(lib_a-e_sqrt.o)
                0x00000000080014c0                __ieee754_sqrt
 .text          0x0000000008001658      0x14c /usr/lib/gcc/arm-none-eabi/10.3.1/../../../arm-none-eabi/lib/thumb/v7e-m+fp/hard/libm.a(lib_a-ef_atan2.o)
                0x0000000008001658                __ieee754_atan2f
 *fill*         0x00000000080017a4        0x4 
 .text          0x00000000080017a8      0x334 /usr/lib/gcc/arm-none-eabi/10.3.1/../../../arm-none-eabi/lib/thumb/v7e-m+fp/hard/libm.a(lib_a-s_atan.o)
                0x00000000080017a8                atan
 .text          0x0000000008001adc       0x14 /usr/lib/gcc/arm-none-eabi/10.3.1/../../../arm-none-eabi/lib/thumb/v7e-m+fp/hard/libm.a(lib_a-s_fabs.o)
                0x0000000008001adc                fabs
 .text          0x0000000008001af0       0x10 /usr/lib/gcc/arm-none-eabi/10.3.1/../../../arm-none-eabi/lib/thumb/v7e-m+fp/hard/libm.a(lib_a-s_nan.o)
                0x0000000008001af0                nan
 .text          0x0000000008001b00      0x1a8 /usr/lib/gcc/arm-none-eabi/10.3.1/../../../arm-none-eabi/lib/thumb/v7e-m+fp/hard/libm.a(lib_a-sf_atan.o)
                0x0000000008001b00                atanf
 .text          0x0000000008001ca8       0x10 /usr/lib/gcc/arm-none-eabi/10.3.1/../../../arm-none-eabi/lib/thumb/v7e-m+fp/hard/libm.a(lib_a-sf_fabs.o)
                0x0000000008001ca8                fabsf
 *(.text*)
 .text.DelayInit
                0x0000000008001cb8       0x40 CMakeFiles/Airplane.dir/Driver/Src/Delay.obj
                0x0000000008001cb8                DelayInit
 .text.Delay_us
                0x0000000008001cf8       0x42 CMakeFiles/Airplane.dir/Driver/Src/Delay.obj
                0x0000000008001cf8                Delay_us
 .text.Delay_ms
                0x0000000008001d3a       0x26 CMakeFiles/Airplane.dir/Driver/Src/Delay.obj
                0x0000000008001d3a                Delay_ms
 .text.HMC_WriteRegAdress
                0x0000000008001d60       0x42 CMakeFiles/Airplane.dir/Driver/Src/HMC5883L.obj
                0x0000000008001d60                HMC_WriteRegAdress
 .text.HMC_Init
                0x0000000008001da2       0x24 CMakeFiles/Airplane.dir/Driver/Src/HMC5883L.obj
                0x0000000008001da2                HMC_Init
 *fill*         0x0000000008001dc6        0x2 
 .text.Led_Init
                0x0000000008001dc8       0x38 CMakeFiles/Airplane.dir/Driver/Src/Led.obj
                0x0000000008001dc8                Led_Init
 .text.MPU_WriteRegAdress
                0x0000000008001e00       0x42 CMakeFiles/Airplane.dir/Driver/Src/MPU6050.obj
                0x0000000008001e00                MPU_WriteRegAdress
 .text.MPU_ReadRegAdress
                0x0000000008001e42       0x50 CMakeFiles/Airplane.dir/Driver/Src/MPU6050.obj
                0x0000000008001e42                MPU_ReadRegAdress
 .text.MPU_GetData
                0x0000000008001e92       0x42 CMakeFiles/Airplane.dir/Driver/Src/MPU6050.obj
                0x0000000008001e92                MPU_GetData
 .text.MPU_Init
                0x0000000008001ed4       0x62 CMakeFiles/Airplane.dir/Driver/Src/MPU6050.obj
                0x0000000008001ed4                MPU_Init
 *fill*         0x0000000008001f36        0x2 
 .text.ACC_Read_MPU6050
                0x0000000008001f38      0x174 CMakeFiles/Airplane.dir/Driver/Src/MPU6050.obj
                0x0000000008001f38                ACC_Read_MPU6050
 *fill*         0x00000000080020ac        0x4 
 .text.GYRO_Read_MPU6050
                0x00000000080020b0      0x188 CMakeFiles/Airplane.dir/Driver/Src/MPU6050.obj
                0x00000000080020b0                GYRO_Read_MPU6050
 .text.PWM_Init
                0x0000000008002238      0x10c CMakeFiles/Airplane.dir/Driver/Src/PWM.obj
                0x0000000008002238                PWM_Init
 .text.PWM_SetCompare1
                0x0000000008002344       0x20 CMakeFiles/Airplane.dir/Driver/Src/PWM.obj
                0x0000000008002344                PWM_SetCompare1
 .text.PWM_SetCompare2
                0x0000000008002364       0x20 CMakeFiles/Airplane.dir/Driver/Src/PWM.obj
                0x0000000008002364                PWM_SetCompare2
 .text.PWM_SetCompare3
                0x0000000008002384       0x20 CMakeFiles/Airplane.dir/Driver/Src/PWM.obj
                0x0000000008002384                PWM_SetCompare3
 .text.PWM_SetCompare4
                0x00000000080023a4       0x20 CMakeFiles/Airplane.dir/Driver/Src/PWM.obj
                0x00000000080023a4                PWM_SetCompare4
 .text.PWM_Start
                0x00000000080023c4       0x28 CMakeFiles/Airplane.dir/Driver/Src/PWM.obj
                0x00000000080023c4                PWM_Start
 .text.PWM_Set  0x00000000080023ec       0x38 CMakeFiles/Airplane.dir/Driver/Src/PWM.obj
                0x00000000080023ec                PWM_Set
 .text.IC_Init  0x0000000008002424      0x164 CMakeFiles/Airplane.dir/Driver/Src/Timer.obj
                0x0000000008002424                IC_Init
 .text.TIM1_UP_TIM10_IRQHandler
                0x0000000008002588       0x88 CMakeFiles/Airplane.dir/Driver/Src/Timer.obj
                0x0000000008002588                TIM1_UP_TIM10_IRQHandler
 .text.TIM1_CC_IRQHandler
                0x0000000008002610      0x2dc CMakeFiles/Airplane.dir/Driver/Src/Timer.obj
                0x0000000008002610                TIM1_CC_IRQHandler
 .text.Serial_Init
                0x00000000080028ec       0xb4 CMakeFiles/Airplane.dir/Driver/Src/USART.obj
                0x00000000080028ec                Serial_Init
 .text.AttitudeSolver_UpdateIMU
                0x00000000080029a0       0x42 CMakeFiles/Airplane.dir/Driver/Src/attitude.obj
                0x00000000080029a0                AttitudeSolver_UpdateIMU
 *fill*         0x00000000080029e2        0x6 
 .text.quat_to_angle
                0x00000000080029e8      0x1a8 CMakeFiles/Airplane.dir/Driver/Src/attitude.obj
                0x00000000080029e8                quat_to_angle
 .text.MadgwickAHRSupdateIMU
                0x0000000008002b90      0x648 CMakeFiles/Airplane.dir/Driver/Src/madgwick.obj
                0x0000000008002b90                MadgwickAHRSupdateIMU
 .text.invSqrt  0x00000000080031d8       0x78 CMakeFiles/Airplane.dir/Driver/Src/madgwick.obj
                0x00000000080031d8                invSqrt
 .text.cast_to_change
                0x0000000008003250       0x52 CMakeFiles/Airplane.dir/Driver/Src/motor.obj
                0x0000000008003250                cast_to_change
 *fill*         0x00000000080032a2        0x2 
 .text.rate_pid
                0x00000000080032a4      0x278 CMakeFiles/Airplane.dir/Driver/Src/motor.obj
                0x00000000080032a4                rate_pid
 .text.SCL_W    0x000000000800351c       0x2c CMakeFiles/Airplane.dir/Driver/Src/myiic.obj
                0x000000000800351c                SCL_W
 .text.SDA_W    0x0000000008003548       0x2c CMakeFiles/Airplane.dir/Driver/Src/myiic.obj
                0x0000000008003548                SDA_W
 .text.SDA_R    0x0000000008003574       0x28 CMakeFiles/Airplane.dir/Driver/Src/myiic.obj
                0x0000000008003574                SDA_R
 .text.IIC_Init
                0x000000000800359c       0x44 CMakeFiles/Airplane.dir/Driver/Src/myiic.obj
                0x000000000800359c                IIC_Init
 .text.IIC_Start
                0x00000000080035e0       0x20 CMakeFiles/Airplane.dir/Driver/Src/myiic.obj
                0x00000000080035e0                IIC_Start
 .text.IIC_Stop
                0x0000000008003600       0x1a CMakeFiles/Airplane.dir/Driver/Src/myiic.obj
                0x0000000008003600                IIC_Stop
 .text.IIC_NACK
                0x000000000800361a       0x1a CMakeFiles/Airplane.dir/Driver/Src/myiic.obj
                0x000000000800361a                IIC_NACK
 .text.IIC_ReceiveACK
                0x0000000008003634       0x40 CMakeFiles/Airplane.dir/Driver/Src/myiic.obj
                0x0000000008003634                IIC_ReceiveACK
 .text.IIC_SendByte
                0x0000000008003674       0x54 CMakeFiles/Airplane.dir/Driver/Src/myiic.obj
                0x0000000008003674                IIC_SendByte
 .text.IIC_ReceiveByte
                0x00000000080036c8       0x60 CMakeFiles/Airplane.dir/Driver/Src/myiic.obj
                0x00000000080036c8                IIC_ReceiveByte
 .text.Cal_PID_Position
                0x0000000008003728      0x158 CMakeFiles/Airplane.dir/Driver/Src/pid.obj
                0x0000000008003728                Cal_PID_Position
 .text.CtrlAngle
                0x0000000008003880       0x6c CMakeFiles/Airplane.dir/Driver/Src/pid.obj
                0x0000000008003880                CtrlAngle
 .text.CtrlRate
                0x00000000080038ec       0xac CMakeFiles/Airplane.dir/Driver/Src/pid.obj
                0x00000000080038ec                CtrlRate
 .text.Init_PID
                0x0000000008003998       0xd8 CMakeFiles/Airplane.dir/Driver/Src/pid.obj
                0x0000000008003998                Init_PID
 .text.App_TaskCreateHook
                0x0000000008003a70       0x14 CMakeFiles/Airplane.dir/OS/Src/app_hooks.obj
                0x0000000008003a70                App_TaskCreateHook
 .text.App_TaskDelHook
                0x0000000008003a84       0x14 CMakeFiles/Airplane.dir/OS/Src/app_hooks.obj
                0x0000000008003a84                App_TaskDelHook
 .text.App_TaskIdleHook
                0x0000000008003a98        0xe CMakeFiles/Airplane.dir/OS/Src/app_hooks.obj
                0x0000000008003a98                App_TaskIdleHook
 .text.App_TaskStatHook
                0x0000000008003aa6        0xe CMakeFiles/Airplane.dir/OS/Src/app_hooks.obj
                0x0000000008003aa6                App_TaskStatHook
 .text.App_TaskReturnHook
                0x0000000008003ab4       0x14 CMakeFiles/Airplane.dir/OS/Src/app_hooks.obj
                0x0000000008003ab4                App_TaskReturnHook
 .text.App_TaskSwHook
                0x0000000008003ac8        0xe CMakeFiles/Airplane.dir/OS/Src/app_hooks.obj
                0x0000000008003ac8                App_TaskSwHook
 .text.App_TCBInitHook
                0x0000000008003ad6       0x14 CMakeFiles/Airplane.dir/OS/Src/app_hooks.obj
                0x0000000008003ad6                App_TCBInitHook
 .text.App_TimeTickHook
                0x0000000008003aea        0xe CMakeFiles/Airplane.dir/OS/Src/app_hooks.obj
                0x0000000008003aea                App_TimeTickHook
 .text.OSInitHookBegin
                0x0000000008003af8       0x80 CMakeFiles/Airplane.dir/OS/Src/os_cpu_c.obj
                0x0000000008003af8                OSInitHookBegin
 .text.OSInitHookEnd
                0x0000000008003b78        0xe CMakeFiles/Airplane.dir/OS/Src/os_cpu_c.obj
                0x0000000008003b78                OSInitHookEnd
 .text.OSTaskCreateHook
                0x0000000008003b86       0x16 CMakeFiles/Airplane.dir/OS/Src/os_cpu_c.obj
                0x0000000008003b86                OSTaskCreateHook
 .text.OSTaskDelHook
                0x0000000008003b9c       0x16 CMakeFiles/Airplane.dir/OS/Src/os_cpu_c.obj
                0x0000000008003b9c                OSTaskDelHook
 .text.OSTaskIdleHook
                0x0000000008003bb2        0xc CMakeFiles/Airplane.dir/OS/Src/os_cpu_c.obj
                0x0000000008003bb2                OSTaskIdleHook
 .text.OSTaskReturnHook
                0x0000000008003bbe       0x16 CMakeFiles/Airplane.dir/OS/Src/os_cpu_c.obj
                0x0000000008003bbe                OSTaskReturnHook
 .text.OSTaskStatHook
                0x0000000008003bd4        0xc CMakeFiles/Airplane.dir/OS/Src/os_cpu_c.obj
                0x0000000008003bd4                OSTaskStatHook
 .text.OSTaskStkInit
                0x0000000008003be0      0x320 CMakeFiles/Airplane.dir/OS/Src/os_cpu_c.obj
                0x0000000008003be0                OSTaskStkInit
 .text.OSTaskSwHook
                0x0000000008003f00       0x2c CMakeFiles/Airplane.dir/OS/Src/os_cpu_c.obj
                0x0000000008003f00                OSTaskSwHook
 .text.OSTCBInitHook
                0x0000000008003f2c       0x16 CMakeFiles/Airplane.dir/OS/Src/os_cpu_c.obj
                0x0000000008003f2c                OSTCBInitHook
 *fill*         0x0000000008003f42        0x2 
 .text.OSTimeTickHook
                0x0000000008003f44       0x30 CMakeFiles/Airplane.dir/OS/Src/os_cpu_c.obj
                0x0000000008003f44                OSTimeTickHook
 .text.OS_CPU_SysTickInitFreq
                0x0000000008003f74       0x28 CMakeFiles/Airplane.dir/OS/Src/os_cpu_c.obj
                0x0000000008003f74                OS_CPU_SysTickInitFreq
 .text.OS_CPU_SysTickInit
                0x0000000008003f9c       0x64 CMakeFiles/Airplane.dir/OS/Src/os_cpu_c.obj
                0x0000000008003f9c                OS_CPU_SysTickInit
 .text.SysTickInit
                0x0000000008004000       0x20 CMakeFiles/Airplane.dir/OS/Src/os_cpu_c.obj
                0x0000000008004000                SysTickInit
 .text.SysTick_Handler
                0x0000000008004020       0x28 CMakeFiles/Airplane.dir/OS/Src/os_cpu_c.obj
                0x0000000008004020                SysTick_Handler
 .text.OSDebugInit
                0x0000000008004048      0x1dc CMakeFiles/Airplane.dir/OS/Src/os_dbg_r.obj
                0x0000000008004048                OSDebugInit
 .text.OSEventNameSet
                0x0000000008004224       0x74 CMakeFiles/Airplane.dir/OS/Src/ucos_ii.obj
                0x0000000008004224                OSEventNameSet
 .text.OSInit   0x0000000008004298       0x40 CMakeFiles/Airplane.dir/OS/Src/ucos_ii.obj
                0x0000000008004298                OSInit
 .text.OSIntEnter
                0x00000000080042d8       0x34 CMakeFiles/Airplane.dir/OS/Src/ucos_ii.obj
                0x00000000080042d8                OSIntEnter
 .text.OSIntExit
                0x000000000800430c       0xa4 CMakeFiles/Airplane.dir/OS/Src/ucos_ii.obj
                0x000000000800430c                OSIntExit
 .text.OSSchedLock
                0x00000000080043b0       0x50 CMakeFiles/Airplane.dir/OS/Src/ucos_ii.obj
                0x00000000080043b0                OSSchedLock
 .text.OSSchedUnlock
                0x0000000008004400       0x74 CMakeFiles/Airplane.dir/OS/Src/ucos_ii.obj
                0x0000000008004400                OSSchedUnlock
 .text.OSStart  0x0000000008004474       0x50 CMakeFiles/Airplane.dir/OS/Src/ucos_ii.obj
                0x0000000008004474                OSStart
 .text.OSTimeTick
                0x00000000080044c4      0x144 CMakeFiles/Airplane.dir/OS/Src/ucos_ii.obj
                0x00000000080044c4                OSTimeTick
 .text.OS_Dummy
                0x0000000008004608        0xe CMakeFiles/Airplane.dir/OS/Src/ucos_ii.obj
                0x0000000008004608                OS_Dummy
 *fill*         0x0000000008004616        0x2 
 .text.OS_EventTaskRdy
                0x0000000008004618       0xec CMakeFiles/Airplane.dir/OS/Src/ucos_ii.obj
                0x0000000008004618                OS_EventTaskRdy
 .text.OS_EventTaskWait
                0x0000000008004704       0xb0 CMakeFiles/Airplane.dir/OS/Src/ucos_ii.obj
                0x0000000008004704                OS_EventTaskWait
 .text.OS_EventTaskRemove
                0x00000000080047b4       0x66 CMakeFiles/Airplane.dir/OS/Src/ucos_ii.obj
                0x00000000080047b4                OS_EventTaskRemove
 .text.OS_EventTaskRemoveMulti
                0x000000000800481a       0x88 CMakeFiles/Airplane.dir/OS/Src/ucos_ii.obj
                0x000000000800481a                OS_EventTaskRemoveMulti
 .text.OS_EventWaitListInit
                0x00000000080048a2       0x38 CMakeFiles/Airplane.dir/OS/Src/ucos_ii.obj
                0x00000000080048a2                OS_EventWaitListInit
 *fill*         0x00000000080048da        0x2 
 .text.OS_InitEventList
                0x00000000080048dc       0x94 CMakeFiles/Airplane.dir/OS/Src/ucos_ii.obj
 .text.OS_InitMisc
                0x0000000008004970       0x7c CMakeFiles/Airplane.dir/OS/Src/ucos_ii.obj
 .text.OS_InitRdyList
                0x00000000080049ec       0x64 CMakeFiles/Airplane.dir/OS/Src/ucos_ii.obj
 .text.OS_InitTaskIdle
                0x0000000008004a50       0x4c CMakeFiles/Airplane.dir/OS/Src/ucos_ii.obj
 .text.OS_InitTaskStat
                0x0000000008004a9c       0x4c CMakeFiles/Airplane.dir/OS/Src/ucos_ii.obj
 .text.OS_InitTCBList
                0x0000000008004ae8       0x9c CMakeFiles/Airplane.dir/OS/Src/ucos_ii.obj
 .text.OS_MemClr
                0x0000000008004b84       0x32 CMakeFiles/Airplane.dir/OS/Src/ucos_ii.obj
                0x0000000008004b84                OS_MemClr
 *fill*         0x0000000008004bb6        0x2 
 .text.OS_Sched
                0x0000000008004bb8       0x84 CMakeFiles/Airplane.dir/OS/Src/ucos_ii.obj
                0x0000000008004bb8                OS_Sched
 .text.OS_SchedNew
                0x0000000008004c3c       0x48 CMakeFiles/Airplane.dir/OS/Src/ucos_ii.obj
 .text.OS_TaskIdle
                0x0000000008004c84       0x30 CMakeFiles/Airplane.dir/OS/Src/ucos_ii.obj
                0x0000000008004c84                OS_TaskIdle
 .text.OS_TaskStat
                0x0000000008004cb4       0xf0 CMakeFiles/Airplane.dir/OS/Src/ucos_ii.obj
                0x0000000008004cb4                OS_TaskStat
 .text.OS_TaskStatStkChk
                0x0000000008004da4       0x68 CMakeFiles/Airplane.dir/OS/Src/ucos_ii.obj
                0x0000000008004da4                OS_TaskStatStkChk
 .text.OS_TCBInit
                0x0000000008004e0c      0x1ec CMakeFiles/Airplane.dir/OS/Src/ucos_ii.obj
                0x0000000008004e0c                OS_TCBInit
 .text.OS_FlagInit
                0x0000000008004ff8       0x84 CMakeFiles/Airplane.dir/OS/Src/ucos_ii.obj
                0x0000000008004ff8                OS_FlagInit
 .text.OS_FlagUnlink
                0x000000000800507c       0x5e CMakeFiles/Airplane.dir/OS/Src/ucos_ii.obj
                0x000000000800507c                OS_FlagUnlink
 *fill*         0x00000000080050da        0x2 
 .text.OS_MemInit
                0x00000000080050dc       0x80 CMakeFiles/Airplane.dir/OS/Src/ucos_ii.obj
                0x00000000080050dc                OS_MemInit
 .text.OSMutexCreate
                0x000000000800515c       0xf4 CMakeFiles/Airplane.dir/OS/Src/ucos_ii.obj
                0x000000000800515c                OSMutexCreate
 .text.OSMutexPend
                0x0000000008005250      0x358 CMakeFiles/Airplane.dir/OS/Src/ucos_ii.obj
                0x0000000008005250                OSMutexPend
 .text.OSMutexPost
                0x00000000080055a8      0x124 CMakeFiles/Airplane.dir/OS/Src/ucos_ii.obj
                0x00000000080055a8                OSMutexPost
 .text.OSMutex_RdyAtPrio
                0x00000000080056cc       0xfc CMakeFiles/Airplane.dir/OS/Src/ucos_ii.obj
 .text.OS_QInit
                0x00000000080057c8       0x78 CMakeFiles/Airplane.dir/OS/Src/ucos_ii.obj
                0x00000000080057c8                OS_QInit
 .text.OSSemCreate
                0x0000000008005840       0x7c CMakeFiles/Airplane.dir/OS/Src/ucos_ii.obj
                0x0000000008005840                OSSemCreate
 .text.OSSemPend
                0x00000000080058bc      0x134 CMakeFiles/Airplane.dir/OS/Src/ucos_ii.obj
                0x00000000080058bc                OSSemPend
 .text.OSSemPost
                0x00000000080059f0       0x7e CMakeFiles/Airplane.dir/OS/Src/ucos_ii.obj
                0x00000000080059f0                OSSemPost
 *fill*         0x0000000008005a6e        0x2 
 .text.OSTaskCreate
                0x0000000008005a70       0xc8 CMakeFiles/Airplane.dir/OS/Src/ucos_ii.obj
                0x0000000008005a70                OSTaskCreate
 .text.OSTaskCreateExt
                0x0000000008005b38       0xd8 CMakeFiles/Airplane.dir/OS/Src/ucos_ii.obj
                0x0000000008005b38                OSTaskCreateExt
 .text.OSTaskDel
                0x0000000008005c10      0x1f0 CMakeFiles/Airplane.dir/OS/Src/ucos_ii.obj
                0x0000000008005c10                OSTaskDel
 .text.OSTaskNameSet
                0x0000000008005e00       0xb4 CMakeFiles/Airplane.dir/OS/Src/ucos_ii.obj
                0x0000000008005e00                OSTaskNameSet
 .text.OSTaskStkChk
                0x0000000008005eb4       0xdc CMakeFiles/Airplane.dir/OS/Src/ucos_ii.obj
                0x0000000008005eb4                OSTaskStkChk
 .text.OSTaskSuspend
                0x0000000008005f90      0x108 CMakeFiles/Airplane.dir/OS/Src/ucos_ii.obj
                0x0000000008005f90                OSTaskSuspend
 .text.OS_TaskReturn
                0x0000000008006098       0x1c CMakeFiles/Airplane.dir/OS/Src/ucos_ii.obj
                0x0000000008006098                OS_TaskReturn
 .text.OS_TaskStkClr
                0x00000000080060b4       0x46 CMakeFiles/Airplane.dir/OS/Src/ucos_ii.obj
                0x00000000080060b4                OS_TaskStkClr
 *fill*         0x00000000080060fa        0x2 
 .text.OSTimeDly
                0x00000000080060fc       0xa8 CMakeFiles/Airplane.dir/OS/Src/ucos_ii.obj
                0x00000000080060fc                OSTimeDly
 .text.OSTmrSignal
                0x00000000080061a4       0x24 CMakeFiles/Airplane.dir/OS/Src/ucos_ii.obj
                0x00000000080061a4                OSTmrSignal
 .text.OSTmr_Init
                0x00000000080061c8      0x118 CMakeFiles/Airplane.dir/OS/Src/ucos_ii.obj
                0x00000000080061c8                OSTmr_Init
 .text.OSTmr_InitTask
                0x00000000080062e0       0x4c CMakeFiles/Airplane.dir/OS/Src/ucos_ii.obj
 .text.OSTmr_Link
                0x000000000800632c       0xd8 CMakeFiles/Airplane.dir/OS/Src/ucos_ii.obj
 .text.OSTmr_Unlink
                0x0000000008006404       0xa8 CMakeFiles/Airplane.dir/OS/Src/ucos_ii.obj
 .text.OSTmr_Task
                0x00000000080064ac       0xc4 CMakeFiles/Airplane.dir/OS/Src/ucos_ii.obj
 .text.NVIC_PriorityGroupConfig
                0x0000000008006570       0x28 CMakeFiles/Airplane.dir/STM32F40xLib/Src/misc.obj
                0x0000000008006570                NVIC_PriorityGroupConfig
 .text.NVIC_Init
                0x0000000008006598       0xc4 CMakeFiles/Airplane.dir/STM32F40xLib/Src/misc.obj
                0x0000000008006598                NVIC_Init
 .text.GPIO_Init
                0x000000000800665c      0x11e CMakeFiles/Airplane.dir/STM32F40xLib/Src/stm32f4xx_gpio.obj
                0x000000000800665c                GPIO_Init
 .text.GPIO_ReadInputDataBit
                0x000000000800677a       0x34 CMakeFiles/Airplane.dir/STM32F40xLib/Src/stm32f4xx_gpio.obj
                0x000000000800677a                GPIO_ReadInputDataBit
 .text.GPIO_SetBits
                0x00000000080067ae       0x1e CMakeFiles/Airplane.dir/STM32F40xLib/Src/stm32f4xx_gpio.obj
                0x00000000080067ae                GPIO_SetBits
 .text.GPIO_WriteBit
                0x00000000080067cc       0x32 CMakeFiles/Airplane.dir/STM32F40xLib/Src/stm32f4xx_gpio.obj
                0x00000000080067cc                GPIO_WriteBit
 .text.GPIO_PinAFConfig
                0x00000000080067fe       0x92 CMakeFiles/Airplane.dir/STM32F40xLib/Src/stm32f4xx_gpio.obj
                0x00000000080067fe                GPIO_PinAFConfig
 .text.NMI_Handler
                0x0000000008006890        0xe CMakeFiles/Airplane.dir/STM32F40xLib/Src/stm32f4xx_it.obj
                0x0000000008006890                NMI_Handler
 .text.HardFault_Handler
                0x000000000800689e        0x6 CMakeFiles/Airplane.dir/STM32F40xLib/Src/stm32f4xx_it.obj
                0x000000000800689e                HardFault_Handler
 .text.MemManage_Handler
                0x00000000080068a4        0x6 CMakeFiles/Airplane.dir/STM32F40xLib/Src/stm32f4xx_it.obj
                0x00000000080068a4                MemManage_Handler
 .text.BusFault_Handler
                0x00000000080068aa        0x6 CMakeFiles/Airplane.dir/STM32F40xLib/Src/stm32f4xx_it.obj
                0x00000000080068aa                BusFault_Handler
 .text.UsageFault_Handler
                0x00000000080068b0        0x6 CMakeFiles/Airplane.dir/STM32F40xLib/Src/stm32f4xx_it.obj
                0x00000000080068b0                UsageFault_Handler
 .text.SVC_Handler
                0x00000000080068b6        0xe CMakeFiles/Airplane.dir/STM32F40xLib/Src/stm32f4xx_it.obj
                0x00000000080068b6                SVC_Handler
 .text.DebugMon_Handler
                0x00000000080068c4        0xe CMakeFiles/Airplane.dir/STM32F40xLib/Src/stm32f4xx_it.obj
                0x00000000080068c4                DebugMon_Handler
 *fill*         0x00000000080068d2        0x2 
 .text.RCC_GetClocksFreq
                0x00000000080068d4      0x15c CMakeFiles/Airplane.dir/STM32F40xLib/Src/stm32f4xx_rcc.obj
                0x00000000080068d4                RCC_GetClocksFreq
 .text.RCC_AHB1PeriphClockCmd
                0x0000000008006a30       0x40 CMakeFiles/Airplane.dir/STM32F40xLib/Src/stm32f4xx_rcc.obj
                0x0000000008006a30                RCC_AHB1PeriphClockCmd
 .text.RCC_APB1PeriphClockCmd
                0x0000000008006a70       0x40 CMakeFiles/Airplane.dir/STM32F40xLib/Src/stm32f4xx_rcc.obj
                0x0000000008006a70                RCC_APB1PeriphClockCmd
 .text.RCC_APB2PeriphClockCmd
                0x0000000008006ab0       0x40 CMakeFiles/Airplane.dir/STM32F40xLib/Src/stm32f4xx_rcc.obj
                0x0000000008006ab0                RCC_APB2PeriphClockCmd
 .text.RCC_APB1PeriphResetCmd
                0x0000000008006af0       0x40 CMakeFiles/Airplane.dir/STM32F40xLib/Src/stm32f4xx_rcc.obj
                0x0000000008006af0                RCC_APB1PeriphResetCmd
 .text.RCC_APB2PeriphResetCmd
                0x0000000008006b30       0x40 CMakeFiles/Airplane.dir/STM32F40xLib/Src/stm32f4xx_rcc.obj
                0x0000000008006b30                RCC_APB2PeriphResetCmd
 .text.TIM_DeInit
                0x0000000008006b70      0x1c0 CMakeFiles/Airplane.dir/STM32F40xLib/Src/stm32f4xx_tim.obj
                0x0000000008006b70                TIM_DeInit
 .text.TIM_TimeBaseInit
                0x0000000008006d30       0xd8 CMakeFiles/Airplane.dir/STM32F40xLib/Src/stm32f4xx_tim.obj
                0x0000000008006d30                TIM_TimeBaseInit
 .text.TIM_ARRPreloadConfig
                0x0000000008006e08       0x40 CMakeFiles/Airplane.dir/STM32F40xLib/Src/stm32f4xx_tim.obj
                0x0000000008006e08                TIM_ARRPreloadConfig
 .text.TIM_Cmd  0x0000000008006e48       0x40 CMakeFiles/Airplane.dir/STM32F40xLib/Src/stm32f4xx_tim.obj
                0x0000000008006e48                TIM_Cmd
 .text.TIM_OC1Init
                0x0000000008006e88       0xf4 CMakeFiles/Airplane.dir/STM32F40xLib/Src/stm32f4xx_tim.obj
                0x0000000008006e88                TIM_OC1Init
 .text.TIM_OC2Init
                0x0000000008006f7c      0x110 CMakeFiles/Airplane.dir/STM32F40xLib/Src/stm32f4xx_tim.obj
                0x0000000008006f7c                TIM_OC2Init
 .text.TIM_OC3Init
                0x000000000800708c      0x10c CMakeFiles/Airplane.dir/STM32F40xLib/Src/stm32f4xx_tim.obj
                0x000000000800708c                TIM_OC3Init
 .text.TIM_OC4Init
                0x0000000008007198       0xd0 CMakeFiles/Airplane.dir/STM32F40xLib/Src/stm32f4xx_tim.obj
                0x0000000008007198                TIM_OC4Init
 .text.TIM_OCStructInit
                0x0000000008007268       0x44 CMakeFiles/Airplane.dir/STM32F40xLib/Src/stm32f4xx_tim.obj
                0x0000000008007268                TIM_OCStructInit
 .text.TIM_SetCompare1
                0x00000000080072ac       0x1c CMakeFiles/Airplane.dir/STM32F40xLib/Src/stm32f4xx_tim.obj
                0x00000000080072ac                TIM_SetCompare1
 .text.TIM_SetCompare2
                0x00000000080072c8       0x1c CMakeFiles/Airplane.dir/STM32F40xLib/Src/stm32f4xx_tim.obj
                0x00000000080072c8                TIM_SetCompare2
 .text.TIM_SetCompare3
                0x00000000080072e4       0x1c CMakeFiles/Airplane.dir/STM32F40xLib/Src/stm32f4xx_tim.obj
                0x00000000080072e4                TIM_SetCompare3
 .text.TIM_SetCompare4
                0x0000000008007300       0x1c CMakeFiles/Airplane.dir/STM32F40xLib/Src/stm32f4xx_tim.obj
                0x0000000008007300                TIM_SetCompare4
 .text.TIM_OC1PreloadConfig
                0x000000000800731c       0x38 CMakeFiles/Airplane.dir/STM32F40xLib/Src/stm32f4xx_tim.obj
                0x000000000800731c                TIM_OC1PreloadConfig
 .text.TIM_OC2PreloadConfig
                0x0000000008007354       0x3c CMakeFiles/Airplane.dir/STM32F40xLib/Src/stm32f4xx_tim.obj
                0x0000000008007354                TIM_OC2PreloadConfig
 .text.TIM_OC3PreloadConfig
                0x0000000008007390       0x38 CMakeFiles/Airplane.dir/STM32F40xLib/Src/stm32f4xx_tim.obj
                0x0000000008007390                TIM_OC3PreloadConfig
 .text.TIM_OC4PreloadConfig
                0x00000000080073c8       0x3c CMakeFiles/Airplane.dir/STM32F40xLib/Src/stm32f4xx_tim.obj
                0x00000000080073c8                TIM_OC4PreloadConfig
 .text.TIM_OC1PolarityConfig
                0x0000000008007404       0x38 CMakeFiles/Airplane.dir/STM32F40xLib/Src/stm32f4xx_tim.obj
                0x0000000008007404                TIM_OC1PolarityConfig
 .text.TIM_OC2PolarityConfig
                0x000000000800743c       0x3c CMakeFiles/Airplane.dir/STM32F40xLib/Src/stm32f4xx_tim.obj
                0x000000000800743c                TIM_OC2PolarityConfig
 .text.TIM_OC3PolarityConfig
                0x0000000008007478       0x3c CMakeFiles/Airplane.dir/STM32F40xLib/Src/stm32f4xx_tim.obj
                0x0000000008007478                TIM_OC3PolarityConfig
 .text.TIM_OC4PolarityConfig
                0x00000000080074b4       0x3c CMakeFiles/Airplane.dir/STM32F40xLib/Src/stm32f4xx_tim.obj
                0x00000000080074b4                TIM_OC4PolarityConfig
 .text.TIM_ICInit
                0x00000000080074f0       0xa8 CMakeFiles/Airplane.dir/STM32F40xLib/Src/stm32f4xx_tim.obj
                0x00000000080074f0                TIM_ICInit
 .text.TIM_GetCapture1
                0x0000000008007598       0x18 CMakeFiles/Airplane.dir/STM32F40xLib/Src/stm32f4xx_tim.obj
                0x0000000008007598                TIM_GetCapture1
 .text.TIM_GetCapture2
                0x00000000080075b0       0x18 CMakeFiles/Airplane.dir/STM32F40xLib/Src/stm32f4xx_tim.obj
                0x00000000080075b0                TIM_GetCapture2
 .text.TIM_GetCapture3
                0x00000000080075c8       0x18 CMakeFiles/Airplane.dir/STM32F40xLib/Src/stm32f4xx_tim.obj
                0x00000000080075c8                TIM_GetCapture3
 .text.TIM_GetCapture4
                0x00000000080075e0       0x18 CMakeFiles/Airplane.dir/STM32F40xLib/Src/stm32f4xx_tim.obj
                0x00000000080075e0                TIM_GetCapture4
 .text.TIM_SetIC1Prescaler
                0x00000000080075f8       0x38 CMakeFiles/Airplane.dir/STM32F40xLib/Src/stm32f4xx_tim.obj
                0x00000000080075f8                TIM_SetIC1Prescaler
 .text.TIM_SetIC2Prescaler
                0x0000000008007630       0x3c CMakeFiles/Airplane.dir/STM32F40xLib/Src/stm32f4xx_tim.obj
                0x0000000008007630                TIM_SetIC2Prescaler
 .text.TIM_SetIC3Prescaler
                0x000000000800766c       0x38 CMakeFiles/Airplane.dir/STM32F40xLib/Src/stm32f4xx_tim.obj
                0x000000000800766c                TIM_SetIC3Prescaler
 .text.TIM_SetIC4Prescaler
                0x00000000080076a4       0x3c CMakeFiles/Airplane.dir/STM32F40xLib/Src/stm32f4xx_tim.obj
                0x00000000080076a4                TIM_SetIC4Prescaler
 .text.TIM_ITConfig
                0x00000000080076e0       0x48 CMakeFiles/Airplane.dir/STM32F40xLib/Src/stm32f4xx_tim.obj
                0x00000000080076e0                TIM_ITConfig
 .text.TIM_GetFlagStatus
                0x0000000008007728       0x38 CMakeFiles/Airplane.dir/STM32F40xLib/Src/stm32f4xx_tim.obj
                0x0000000008007728                TIM_GetFlagStatus
 .text.TIM_ClearFlag
                0x0000000008007760       0x22 CMakeFiles/Airplane.dir/STM32F40xLib/Src/stm32f4xx_tim.obj
                0x0000000008007760                TIM_ClearFlag
 .text.TIM_GetITStatus
                0x0000000008007782       0x54 CMakeFiles/Airplane.dir/STM32F40xLib/Src/stm32f4xx_tim.obj
                0x0000000008007782                TIM_GetITStatus
 .text.TIM_ClearITPendingBit
                0x00000000080077d6       0x22 CMakeFiles/Airplane.dir/STM32F40xLib/Src/stm32f4xx_tim.obj
                0x00000000080077d6                TIM_ClearITPendingBit
 .text.TIM_InternalClockConfig
                0x00000000080077f8       0x24 CMakeFiles/Airplane.dir/STM32F40xLib/Src/stm32f4xx_tim.obj
                0x00000000080077f8                TIM_InternalClockConfig
 .text.TI1_Config
                0x000000000800781c       0x86 CMakeFiles/Airplane.dir/STM32F40xLib/Src/stm32f4xx_tim.obj
 .text.TI2_Config
                0x00000000080078a2       0x9a CMakeFiles/Airplane.dir/STM32F40xLib/Src/stm32f4xx_tim.obj
 .text.TI3_Config
                0x000000000800793c       0x90 CMakeFiles/Airplane.dir/STM32F40xLib/Src/stm32f4xx_tim.obj
 .text.TI4_Config
                0x00000000080079cc       0x9e CMakeFiles/Airplane.dir/STM32F40xLib/Src/stm32f4xx_tim.obj
 *fill*         0x0000000008007a6a        0x2 
 .text.USART_Init
                0x0000000008007a6c      0x174 CMakeFiles/Airplane.dir/STM32F40xLib/Src/stm32f4xx_usart.obj
                0x0000000008007a6c                USART_Init
 .text.USART_Cmd
                0x0000000008007be0       0x40 CMakeFiles/Airplane.dir/STM32F40xLib/Src/stm32f4xx_usart.obj
                0x0000000008007be0                USART_Cmd
 .text.USART_ITConfig
                0x0000000008007c20       0x90 CMakeFiles/Airplane.dir/STM32F40xLib/Src/stm32f4xx_usart.obj
                0x0000000008007c20                USART_ITConfig
 .text.SystemInit
                0x0000000008007cb0       0x6c CMakeFiles/Airplane.dir/STM32F40xLib/Src/system_stm32f4xx.obj
                0x0000000008007cb0                SystemInit
 .text.SetSysClock
                0x0000000008007d1c       0xf4 CMakeFiles/Airplane.dir/STM32F40xLib/Src/system_stm32f4xx.obj
 .text.main     0x0000000008007e10       0x2c CMakeFiles/Airplane.dir/USR/main.obj
                0x0000000008007e10                main
 .text.TASK_Start
                0x0000000008007e3c       0x68 CMakeFiles/Airplane.dir/USR/main.obj
                0x0000000008007e3c                TASK_Start
 .text.Mutex_Init
                0x0000000008007ea4       0x2c CMakeFiles/Airplane.dir/USR/mutex.obj
                0x0000000008007ea4                Mutex_Init
 .text.TASK_Attitude
                0x0000000008007ed0       0xbc CMakeFiles/Airplane.dir/USR/task.obj
                0x0000000008007ed0                TASK_Attitude
 .text.TASK_Pid
                0x0000000008007f8c       0x3c CMakeFiles/Airplane.dir/USR/task.obj
                0x0000000008007f8c                TASK_Pid
 .text.Reset_Handler
                0x0000000008007fc8       0x50 CMakeFiles/Airplane.dir/startup_stm32f401xe.obj
                0x0000000008007fc8                Reset_Handler
 .text.Default_Handler
                0x0000000008008018        0x2 CMakeFiles/Airplane.dir/startup_stm32f401xe.obj
                0x0000000008008018                RTC_Alarm_IRQHandler
                0x0000000008008018                EXTI2_IRQHandler
                0x0000000008008018                SPI4_IRQHandler
                0x0000000008008018                DMA2_Stream5_IRQHandler
                0x0000000008008018                DMA1_Stream5_IRQHandler
                0x0000000008008018                PVD_IRQHandler
                0x0000000008008018                SDIO_IRQHandler
                0x0000000008008018                TAMP_STAMP_IRQHandler
                0x0000000008008018                PendSV_Handler
                0x0000000008008018                EXTI3_IRQHandler
                0x0000000008008018                I2C3_ER_IRQHandler
                0x0000000008008018                EXTI0_IRQHandler
                0x0000000008008018                I2C2_EV_IRQHandler
                0x0000000008008018                DMA1_Stream2_IRQHandler
                0x0000000008008018                FPU_IRQHandler
                0x0000000008008018                DMA2_Stream2_IRQHandler
                0x0000000008008018                SPI1_IRQHandler
                0x0000000008008018                TIM1_BRK_TIM9_IRQHandler
                0x0000000008008018                DMA2_Stream3_IRQHandler
                0x0000000008008018                USART6_IRQHandler
                0x0000000008008018                DMA2_Stream0_IRQHandler
                0x0000000008008018                TIM4_IRQHandler
                0x0000000008008018                I2C1_EV_IRQHandler
                0x0000000008008018                DMA1_Stream6_IRQHandler
                0x0000000008008018                DMA1_Stream1_IRQHandler
                0x0000000008008018                TIM3_IRQHandler
                0x0000000008008018                RCC_IRQHandler
                0x0000000008008018                Default_Handler
                0x0000000008008018                EXTI15_10_IRQHandler
                0x0000000008008018                ADC_IRQHandler
                0x0000000008008018                DMA1_Stream7_IRQHandler
                0x0000000008008018                TIM5_IRQHandler
                0x0000000008008018                DMA2_Stream7_IRQHandler
                0x0000000008008018                I2C3_EV_IRQHandler
                0x0000000008008018                EXTI9_5_IRQHandler
                0x0000000008008018                RTC_WKUP_IRQHandler
                0x0000000008008018                SPI2_IRQHandler
                0x0000000008008018                DMA1_Stream0_IRQHandler
                0x0000000008008018                EXTI4_IRQHandler
                0x0000000008008018                WWDG_IRQHandler
                0x0000000008008018                TIM2_IRQHandler
                0x0000000008008018                OTG_FS_WKUP_IRQHandler
                0x0000000008008018                TIM1_TRG_COM_TIM11_IRQHandler
                0x0000000008008018                EXTI1_IRQHandler
                0x0000000008008018                USART2_IRQHandler
                0x0000000008008018                I2C2_ER_IRQHandler
                0x0000000008008018                DMA2_Stream1_IRQHandler
                0x0000000008008018                FLASH_IRQHandler
                0x0000000008008018                DMA2_Stream4_IRQHandler
                0x0000000008008018                USART1_IRQHandler
                0x0000000008008018                OTG_FS_IRQHandler
                0x0000000008008018                SPI3_IRQHandler
                0x0000000008008018                DMA1_Stream4_IRQHandler
                0x0000000008008018                I2C1_ER_IRQHandler
                0x0000000008008018                DMA2_Stream6_IRQHandler
                0x0000000008008018                DMA1_Stream3_IRQHandler
 *fill*         0x000000000800801a        0x2 
 .text.startup  0x000000000800801c       0x14 /usr/lib/gcc/arm-none-eabi/10.3.1/../../../arm-none-eabi/lib/thumb/v7e-m+fp/hard/libc.a(lib_a-__call_atexit.o)
 *(.glue_7)
 .glue_7        0x0000000008008030        0x0 linker stubs
 *(.glue_7t)
 .glue_7t       0x0000000008008030        0x0 linker stubs
 *(.eh_frame)
 .eh_frame      0x0000000008008030        0x0 /usr/lib/gcc/arm-none-eabi/10.3.1/thumb/v7e-m+fp/hard/crtbegin.o
 *(.init)
 .init          0x0000000008008030        0x4 /usr/lib/gcc/arm-none-eabi/10.3.1/thumb/v7e-m+fp/hard/crti.o
                0x0000000008008030                _init
 .init          0x0000000008008034        0x8 /usr/lib/gcc/arm-none-eabi/10.3.1/thumb/v7e-m+fp/hard/crtn.o
 *(.fini)
 .fini          0x000000000800803c        0x4 /usr/lib/gcc/arm-none-eabi/10.3.1/thumb/v7e-m+fp/hard/crti.o
                0x000000000800803c                _fini
 .fini          0x0000000008008040        0x8 /usr/lib/gcc/arm-none-eabi/10.3.1/thumb/v7e-m+fp/hard/crtn.o
                0x0000000008008048                . = ALIGN (0x4)
                0x0000000008008048                _etext = .

.vfp11_veneer   0x0000000008008048        0x0
 .vfp11_veneer  0x0000000008008048        0x0 linker stubs

.v4_bx          0x0000000008008048        0x0
 .v4_bx         0x0000000008008048        0x0 linker stubs

.iplt           0x0000000008008048        0x0
 .iplt          0x0000000008008048        0x0 /usr/lib/gcc/arm-none-eabi/10.3.1/thumb/v7e-m+fp/hard/crtbegin.o

.rodata         0x0000000008008048      0x280
                0x0000000008008048                . = ALIGN (0x4)
 *(.rodata)
 .rodata        0x0000000008008048       0x59 CMakeFiles/Airplane.dir/OS/Src/ucos_ii.obj
 *fill*         0x00000000080080a1        0x3 
 .rodata        0x00000000080080a4        0x4 /usr/lib/gcc/arm-none-eabi/10.3.1/../../../arm-none-eabi/lib/thumb/v7e-m+fp/hard/libc.a(lib_a-impure.o)
                0x00000000080080a4                _global_impure_ptr
 .rodata        0x00000000080080a8       0x30 /usr/lib/gcc/arm-none-eabi/10.3.1/../../../arm-none-eabi/lib/thumb/v7e-m+fp/hard/libm.a(lib_a-e_atan2.o)
 .rodata        0x00000000080080d8       0x18 /usr/lib/gcc/arm-none-eabi/10.3.1/../../../arm-none-eabi/lib/thumb/v7e-m+fp/hard/libm.a(lib_a-ef_atan2.o)
 .rodata        0x00000000080080f0       0x40 /usr/lib/gcc/arm-none-eabi/10.3.1/../../../arm-none-eabi/lib/thumb/v7e-m+fp/hard/libm.a(lib_a-s_atan.o)
 .rodata        0x0000000008008130       0x20 /usr/lib/gcc/arm-none-eabi/10.3.1/../../../arm-none-eabi/lib/thumb/v7e-m+fp/hard/libm.a(lib_a-sf_atan.o)
 *(.rodata*)
 .rodata.OSDebugEn
                0x0000000008008150        0x2 CMakeFiles/Airplane.dir/OS/Src/os_dbg_r.obj
                0x0000000008008150                OSDebugEn
 *fill*         0x0000000008008152        0x2 
 .rodata.OSEndiannessTest
                0x0000000008008154        0x4 CMakeFiles/Airplane.dir/OS/Src/os_dbg_r.obj
                0x0000000008008154                OSEndiannessTest
 .rodata.OSEventEn
                0x0000000008008158        0x2 CMakeFiles/Airplane.dir/OS/Src/os_dbg_r.obj
                0x0000000008008158                OSEventEn
 .rodata.OSEventMax
                0x000000000800815a        0x2 CMakeFiles/Airplane.dir/OS/Src/os_dbg_r.obj
                0x000000000800815a                OSEventMax
 .rodata.OSEventNameEn
                0x000000000800815c        0x2 CMakeFiles/Airplane.dir/OS/Src/os_dbg_r.obj
                0x000000000800815c                OSEventNameEn
 .rodata.OSEventSize
                0x000000000800815e        0x2 CMakeFiles/Airplane.dir/OS/Src/os_dbg_r.obj
                0x000000000800815e                OSEventSize
 .rodata.OSEventTblSize
                0x0000000008008160        0x2 CMakeFiles/Airplane.dir/OS/Src/os_dbg_r.obj
                0x0000000008008160                OSEventTblSize
 .rodata.OSEventMultiEn
                0x0000000008008162        0x2 CMakeFiles/Airplane.dir/OS/Src/os_dbg_r.obj
                0x0000000008008162                OSEventMultiEn
 .rodata.OSFlagEn
                0x0000000008008164        0x2 CMakeFiles/Airplane.dir/OS/Src/os_dbg_r.obj
                0x0000000008008164                OSFlagEn
 .rodata.OSFlagGrpSize
                0x0000000008008166        0x2 CMakeFiles/Airplane.dir/OS/Src/os_dbg_r.obj
                0x0000000008008166                OSFlagGrpSize
 .rodata.OSFlagNodeSize
                0x0000000008008168        0x2 CMakeFiles/Airplane.dir/OS/Src/os_dbg_r.obj
                0x0000000008008168                OSFlagNodeSize
 .rodata.OSFlagWidth
                0x000000000800816a        0x2 CMakeFiles/Airplane.dir/OS/Src/os_dbg_r.obj
                0x000000000800816a                OSFlagWidth
 .rodata.OSFlagMax
                0x000000000800816c        0x2 CMakeFiles/Airplane.dir/OS/Src/os_dbg_r.obj
                0x000000000800816c                OSFlagMax
 .rodata.OSFlagNameEn
                0x000000000800816e        0x2 CMakeFiles/Airplane.dir/OS/Src/os_dbg_r.obj
                0x000000000800816e                OSFlagNameEn
 .rodata.OSLowestPrio
                0x0000000008008170        0x2 CMakeFiles/Airplane.dir/OS/Src/os_dbg_r.obj
                0x0000000008008170                OSLowestPrio
 .rodata.OSMboxEn
                0x0000000008008172        0x2 CMakeFiles/Airplane.dir/OS/Src/os_dbg_r.obj
                0x0000000008008172                OSMboxEn
 .rodata.OSMemEn
                0x0000000008008174        0x2 CMakeFiles/Airplane.dir/OS/Src/os_dbg_r.obj
                0x0000000008008174                OSMemEn
 .rodata.OSMemMax
                0x0000000008008176        0x2 CMakeFiles/Airplane.dir/OS/Src/os_dbg_r.obj
                0x0000000008008176                OSMemMax
 .rodata.OSMemNameEn
                0x0000000008008178        0x2 CMakeFiles/Airplane.dir/OS/Src/os_dbg_r.obj
                0x0000000008008178                OSMemNameEn
 .rodata.OSMemSize
                0x000000000800817a        0x2 CMakeFiles/Airplane.dir/OS/Src/os_dbg_r.obj
                0x000000000800817a                OSMemSize
 .rodata.OSMemTblSize
                0x000000000800817c        0x2 CMakeFiles/Airplane.dir/OS/Src/os_dbg_r.obj
                0x000000000800817c                OSMemTblSize
 .rodata.OSMutexEn
                0x000000000800817e        0x2 CMakeFiles/Airplane.dir/OS/Src/os_dbg_r.obj
                0x000000000800817e                OSMutexEn
 .rodata.OSPtrSize
                0x0000000008008180        0x2 CMakeFiles/Airplane.dir/OS/Src/os_dbg_r.obj
                0x0000000008008180                OSPtrSize
 .rodata.OSQEn  0x0000000008008182        0x2 CMakeFiles/Airplane.dir/OS/Src/os_dbg_r.obj
                0x0000000008008182                OSQEn
 .rodata.OSQMax
                0x0000000008008184        0x2 CMakeFiles/Airplane.dir/OS/Src/os_dbg_r.obj
                0x0000000008008184                OSQMax
 .rodata.OSQSize
                0x0000000008008186        0x2 CMakeFiles/Airplane.dir/OS/Src/os_dbg_r.obj
                0x0000000008008186                OSQSize
 .rodata.OSRdyTblSize
                0x0000000008008188        0x2 CMakeFiles/Airplane.dir/OS/Src/os_dbg_r.obj
                0x0000000008008188                OSRdyTblSize
 .rodata.OSSemEn
                0x000000000800818a        0x2 CMakeFiles/Airplane.dir/OS/Src/os_dbg_r.obj
                0x000000000800818a                OSSemEn
 .rodata.OSStkWidth
                0x000000000800818c        0x2 CMakeFiles/Airplane.dir/OS/Src/os_dbg_r.obj
                0x000000000800818c                OSStkWidth
 .rodata.OSTaskCreateEn
                0x000000000800818e        0x2 CMakeFiles/Airplane.dir/OS/Src/os_dbg_r.obj
                0x000000000800818e                OSTaskCreateEn
 .rodata.OSTaskCreateExtEn
                0x0000000008008190        0x2 CMakeFiles/Airplane.dir/OS/Src/os_dbg_r.obj
                0x0000000008008190                OSTaskCreateExtEn
 .rodata.OSTaskDelEn
                0x0000000008008192        0x2 CMakeFiles/Airplane.dir/OS/Src/os_dbg_r.obj
                0x0000000008008192                OSTaskDelEn
 .rodata.OSTaskIdleStkSize
                0x0000000008008194        0x2 CMakeFiles/Airplane.dir/OS/Src/os_dbg_r.obj
                0x0000000008008194                OSTaskIdleStkSize
 .rodata.OSTaskProfileEn
                0x0000000008008196        0x2 CMakeFiles/Airplane.dir/OS/Src/os_dbg_r.obj
                0x0000000008008196                OSTaskProfileEn
 .rodata.OSTaskMax
                0x0000000008008198        0x2 CMakeFiles/Airplane.dir/OS/Src/os_dbg_r.obj
                0x0000000008008198                OSTaskMax
 .rodata.OSTaskNameEn
                0x000000000800819a        0x2 CMakeFiles/Airplane.dir/OS/Src/os_dbg_r.obj
                0x000000000800819a                OSTaskNameEn
 .rodata.OSTaskStatEn
                0x000000000800819c        0x2 CMakeFiles/Airplane.dir/OS/Src/os_dbg_r.obj
                0x000000000800819c                OSTaskStatEn
 .rodata.OSTaskStatStkSize
                0x000000000800819e        0x2 CMakeFiles/Airplane.dir/OS/Src/os_dbg_r.obj
                0x000000000800819e                OSTaskStatStkSize
 .rodata.OSTaskStatStkChkEn
                0x00000000080081a0        0x2 CMakeFiles/Airplane.dir/OS/Src/os_dbg_r.obj
                0x00000000080081a0                OSTaskStatStkChkEn
 .rodata.OSTaskSwHookEn
                0x00000000080081a2        0x2 CMakeFiles/Airplane.dir/OS/Src/os_dbg_r.obj
                0x00000000080081a2                OSTaskSwHookEn
 .rodata.OSTCBPrioTblMax
                0x00000000080081a4        0x2 CMakeFiles/Airplane.dir/OS/Src/os_dbg_r.obj
                0x00000000080081a4                OSTCBPrioTblMax
 .rodata.OSTCBSize
                0x00000000080081a6        0x2 CMakeFiles/Airplane.dir/OS/Src/os_dbg_r.obj
                0x00000000080081a6                OSTCBSize
 .rodata.OSTicksPerSec
                0x00000000080081a8        0x2 CMakeFiles/Airplane.dir/OS/Src/os_dbg_r.obj
                0x00000000080081a8                OSTicksPerSec
 .rodata.OSTimeTickHookEn
                0x00000000080081aa        0x2 CMakeFiles/Airplane.dir/OS/Src/os_dbg_r.obj
                0x00000000080081aa                OSTimeTickHookEn
 .rodata.OSVersionNbr
                0x00000000080081ac        0x2 CMakeFiles/Airplane.dir/OS/Src/os_dbg_r.obj
                0x00000000080081ac                OSVersionNbr
 .rodata.OSTmrEn
                0x00000000080081ae        0x2 CMakeFiles/Airplane.dir/OS/Src/os_dbg_r.obj
                0x00000000080081ae                OSTmrEn
 .rodata.OSTmrCfgMax
                0x00000000080081b0        0x2 CMakeFiles/Airplane.dir/OS/Src/os_dbg_r.obj
                0x00000000080081b0                OSTmrCfgMax
 .rodata.OSTmrCfgNameEn
                0x00000000080081b2        0x2 CMakeFiles/Airplane.dir/OS/Src/os_dbg_r.obj
                0x00000000080081b2                OSTmrCfgNameEn
 .rodata.OSTmrCfgWheelSize
                0x00000000080081b4        0x2 CMakeFiles/Airplane.dir/OS/Src/os_dbg_r.obj
                0x00000000080081b4                OSTmrCfgWheelSize
 .rodata.OSTmrCfgTicksPerSec
                0x00000000080081b6        0x2 CMakeFiles/Airplane.dir/OS/Src/os_dbg_r.obj
                0x00000000080081b6                OSTmrCfgTicksPerSec
 .rodata.OSTmrSize
                0x00000000080081b8        0x2 CMakeFiles/Airplane.dir/OS/Src/os_dbg_r.obj
                0x00000000080081b8                OSTmrSize
 .rodata.OSTmrTblSize
                0x00000000080081ba        0x2 CMakeFiles/Airplane.dir/OS/Src/os_dbg_r.obj
                0x00000000080081ba                OSTmrTblSize
 .rodata.OSTmrWheelSize
                0x00000000080081bc        0x2 CMakeFiles/Airplane.dir/OS/Src/os_dbg_r.obj
                0x00000000080081bc                OSTmrWheelSize
 .rodata.OSTmrWheelTblSize
                0x00000000080081be        0x2 CMakeFiles/Airplane.dir/OS/Src/os_dbg_r.obj
                0x00000000080081be                OSTmrWheelTblSize
 .rodata.OSDataSize
                0x00000000080081c0        0x2 CMakeFiles/Airplane.dir/OS/Src/os_dbg_r.obj
                0x00000000080081c0                OSDataSize
 *fill*         0x00000000080081c2        0x2 
 .rodata.OSUnMapTbl
                0x00000000080081c4      0x100 CMakeFiles/Airplane.dir/OS/Src/ucos_ii.obj
                0x00000000080081c4                OSUnMapTbl
 .rodata.str1.4
                0x00000000080082c4        0x1 /usr/lib/gcc/arm-none-eabi/10.3.1/../../../arm-none-eabi/lib/thumb/v7e-m+fp/hard/libm.a(lib_a-w_asin.o)
                0x00000000080082c8                . = ALIGN (0x4)
 *fill*         0x00000000080082c5        0x3 

.rel.dyn        0x00000000080082c8        0x0
 .rel.iplt      0x00000000080082c8        0x0 /usr/lib/gcc/arm-none-eabi/10.3.1/thumb/v7e-m+fp/hard/crtbegin.o

.ARM.extab
 *(.ARM.extab* .gnu.linkonce.armextab.*)

.ARM            0x00000000080082c8        0x0
                0x00000000080082c8                __exidx_start = .
 *(.ARM.exidx*)
                0x00000000080082c8                __exidx_end = .

.preinit_array  0x00000000080082c8        0x0
                0x00000000080082c8                PROVIDE (__preinit_array_start = .)
 *(.preinit_array*)
                0x00000000080082c8                PROVIDE (__preinit_array_end = .)

.init_array     0x00000000080082c8        0x8
                0x00000000080082c8                PROVIDE (__init_array_start = .)
 *(SORT_BY_NAME(.init_array.*))
 .init_array.00000
                0x00000000080082c8        0x4 /usr/lib/gcc/arm-none-eabi/10.3.1/../../../arm-none-eabi/lib/thumb/v7e-m+fp/hard/libc.a(lib_a-__call_atexit.o)
 *(.init_array*)
 .init_array    0x00000000080082cc        0x4 /usr/lib/gcc/arm-none-eabi/10.3.1/thumb/v7e-m+fp/hard/crtbegin.o
                0x00000000080082d0                PROVIDE (__init_array_end = .)

.fini_array     0x00000000080082d0        0x4
                0x00000000080082d0                PROVIDE (__fini_array_start = .)
 *(SORT_BY_NAME(.fini_array.*))
 *(.fini_array*)
 .fini_array    0x00000000080082d0        0x4 /usr/lib/gcc/arm-none-eabi/10.3.1/thumb/v7e-m+fp/hard/crtbegin.o
                0x00000000080082d4                PROVIDE (__fini_array_end = .)
                0x00000000080082d4                _sidata = LOADADDR (.data)

.data           0x0000000020000000      0x44c load address 0x00000000080082d4
                0x0000000020000000                . = ALIGN (0x4)
                0x0000000020000000                _sdata = .
 *(.data)
 .data          0x0000000020000000      0x430 /usr/lib/gcc/arm-none-eabi/10.3.1/../../../arm-none-eabi/lib/thumb/v7e-m+fp/hard/libc.a(lib_a-impure.o)
                0x0000000020000000                _impure_ptr
 .data          0x0000000020000430        0x1 /usr/lib/gcc/arm-none-eabi/10.3.1/../../../arm-none-eabi/lib/thumb/v7e-m+fp/hard/libm.a(lib_a-s_lib_ver.o)
                0x0000000020000430                __fdlib_version
 *(.data*)
 *fill*         0x0000000020000431        0x3 
 .data.beta     0x0000000020000434        0x4 CMakeFiles/Airplane.dir/Driver/Src/madgwick.obj
                0x0000000020000434                beta
 .data.q0       0x0000000020000438        0x4 CMakeFiles/Airplane.dir/Driver/Src/madgwick.obj
                0x0000000020000438                q0
 .data.APBAHBPrescTable
                0x000000002000043c       0x10 CMakeFiles/Airplane.dir/STM32F40xLib/Src/stm32f4xx_rcc.obj
                0x000000002000044c                . = ALIGN (0x4)
                0x000000002000044c                _edata = .

.tm_clone_table
                0x000000002000044c        0x0 load address 0x0000000008008720
 .tm_clone_table
                0x000000002000044c        0x0 /usr/lib/gcc/arm-none-eabi/10.3.1/thumb/v7e-m+fp/hard/crtbegin.o
 .tm_clone_table
                0x000000002000044c        0x0 /usr/lib/gcc/arm-none-eabi/10.3.1/thumb/v7e-m+fp/hard/crtend.o

.igot.plt       0x000000002000044c        0x0 load address 0x0000000008008720
 .igot.plt      0x000000002000044c        0x0 /usr/lib/gcc/arm-none-eabi/10.3.1/thumb/v7e-m+fp/hard/crtbegin.o
                0x000000002000044c                . = ALIGN (0x4)

.bss            0x000000002000044c     0x1ff0 load address 0x0000000008008720
                0x000000002000044c                _sbss = .
                0x000000002000044c                __bss_start__ = _sbss
 *(.bss)
 .bss           0x000000002000044c       0x1c /usr/lib/gcc/arm-none-eabi/10.3.1/thumb/v7e-m+fp/hard/crtbegin.o
 *(.bss*)
 .bss.PWM_IN_CH
                0x0000000020000468       0x10 CMakeFiles/Airplane.dir/Driver/Src/Timer.obj
                0x0000000020000468                PWM_IN_CH
 .bss.TIM1_CAPTURE_STA
                0x0000000020000478        0x4 CMakeFiles/Airplane.dir/Driver/Src/Timer.obj
                0x0000000020000478                TIM1_CAPTURE_STA
 .bss.TIM1_CAPTURE_OVF
                0x000000002000047c        0x8 CMakeFiles/Airplane.dir/Driver/Src/Timer.obj
                0x000000002000047c                TIM1_CAPTURE_OVF
 .bss.TIM1_CAPTURE_VAL
                0x0000000020000484       0x10 CMakeFiles/Airplane.dir/Driver/Src/Timer.obj
                0x0000000020000484                TIM1_CAPTURE_VAL
 .bss.q1        0x0000000020000494        0x4 CMakeFiles/Airplane.dir/Driver/Src/madgwick.obj
                0x0000000020000494                q1
 .bss.q2        0x0000000020000498        0x4 CMakeFiles/Airplane.dir/Driver/Src/madgwick.obj
                0x0000000020000498                q2
 .bss.q3        0x000000002000049c        0x4 CMakeFiles/Airplane.dir/Driver/Src/madgwick.obj
                0x000000002000049c                q3
 .bss.Motor     0x00000000200004a0       0x10 CMakeFiles/Airplane.dir/Driver/Src/motor.obj
                0x00000000200004a0                Motor
 .bss.roll      0x00000000200004b0        0x4 CMakeFiles/Airplane.dir/Driver/Src/pid.obj
                0x00000000200004b0                roll
 .bss.pitch     0x00000000200004b4        0x4 CMakeFiles/Airplane.dir/Driver/Src/pid.obj
                0x00000000200004b4                pitch
 .bss.yaw       0x00000000200004b8        0x4 CMakeFiles/Airplane.dir/Driver/Src/pid.obj
                0x00000000200004b8                yaw
 .bss.thro      0x00000000200004bc        0x4 CMakeFiles/Airplane.dir/Driver/Src/pid.obj
                0x00000000200004bc                thro
 .bss.pitch_angle_pid
                0x00000000200004c0       0x30 CMakeFiles/Airplane.dir/Driver/Src/pid.obj
                0x00000000200004c0                pitch_angle_pid
 .bss.roll_angle_pid
                0x00000000200004f0       0x30 CMakeFiles/Airplane.dir/Driver/Src/pid.obj
                0x00000000200004f0                roll_angle_pid
 .bss.yaw_angle_pid
                0x0000000020000520       0x30 CMakeFiles/Airplane.dir/Driver/Src/pid.obj
                0x0000000020000520                yaw_angle_pid
 .bss.pitch_rate_pid
                0x0000000020000550       0x30 CMakeFiles/Airplane.dir/Driver/Src/pid.obj
                0x0000000020000550                pitch_rate_pid
 .bss.roll_rate_pid
                0x0000000020000580       0x30 CMakeFiles/Airplane.dir/Driver/Src/pid.obj
                0x0000000020000580                roll_rate_pid
 .bss.yaw_rate_pid
                0x00000000200005b0       0x30 CMakeFiles/Airplane.dir/Driver/Src/pid.obj
                0x00000000200005b0                yaw_rate_pid
 .bss.OS_CPU_ExceptStk
                0x00000000200005e0      0x400 CMakeFiles/Airplane.dir/OS/Src/os_cpu_c.obj
                0x00000000200005e0                OS_CPU_ExceptStk
 .bss.OS_CPU_ExceptStkBase
                0x00000000200009e0        0x4 CMakeFiles/Airplane.dir/OS/Src/os_cpu_c.obj
                0x00000000200009e0                OS_CPU_ExceptStkBase
 .bss.OSTmrCtr  0x00000000200009e4        0x2 CMakeFiles/Airplane.dir/OS/Src/os_cpu_c.obj
 *fill*         0x00000000200009e6        0x2 
 .bss.OS_KA_BASEPRI_Boundary
                0x00000000200009e8        0x4 CMakeFiles/Airplane.dir/OS/Src/os_cpu_c.obj
                0x00000000200009e8                OS_KA_BASEPRI_Boundary
 .bss.OSCtxSwCtr
                0x00000000200009ec        0x4 CMakeFiles/Airplane.dir/OS/Src/ucos_ii.obj
                0x00000000200009ec                OSCtxSwCtr
 .bss.OSEventFreeList
                0x00000000200009f0        0x4 CMakeFiles/Airplane.dir/OS/Src/ucos_ii.obj
                0x00000000200009f0                OSEventFreeList
 .bss.OSEventTbl
                0x00000000200009f4       0xf0 CMakeFiles/Airplane.dir/OS/Src/ucos_ii.obj
                0x00000000200009f4                OSEventTbl
 .bss.OSFlagTbl
                0x0000000020000ae4       0x50 CMakeFiles/Airplane.dir/OS/Src/ucos_ii.obj
                0x0000000020000ae4                OSFlagTbl
 .bss.OSFlagFreeList
                0x0000000020000b34        0x4 CMakeFiles/Airplane.dir/OS/Src/ucos_ii.obj
                0x0000000020000b34                OSFlagFreeList
 .bss.OSCPUUsage
                0x0000000020000b38        0x1 CMakeFiles/Airplane.dir/OS/Src/ucos_ii.obj
                0x0000000020000b38                OSCPUUsage
 *fill*         0x0000000020000b39        0x3 
 .bss.OSIdleCtrMax
                0x0000000020000b3c        0x4 CMakeFiles/Airplane.dir/OS/Src/ucos_ii.obj
                0x0000000020000b3c                OSIdleCtrMax
 .bss.OSIdleCtrRun
                0x0000000020000b40        0x4 CMakeFiles/Airplane.dir/OS/Src/ucos_ii.obj
                0x0000000020000b40                OSIdleCtrRun
 .bss.OSStatRdy
                0x0000000020000b44        0x1 CMakeFiles/Airplane.dir/OS/Src/ucos_ii.obj
                0x0000000020000b44                OSStatRdy
 *fill*         0x0000000020000b45        0x3 
 .bss.OSTaskStatStk
                0x0000000020000b48      0x200 CMakeFiles/Airplane.dir/OS/Src/ucos_ii.obj
                0x0000000020000b48                OSTaskStatStk
 .bss.OSIntNesting
                0x0000000020000d48        0x1 CMakeFiles/Airplane.dir/OS/Src/ucos_ii.obj
                0x0000000020000d48                OSIntNesting
 .bss.OSLockNesting
                0x0000000020000d49        0x1 CMakeFiles/Airplane.dir/OS/Src/ucos_ii.obj
                0x0000000020000d49                OSLockNesting
 .bss.OSPrioCur
                0x0000000020000d4a        0x1 CMakeFiles/Airplane.dir/OS/Src/ucos_ii.obj
                0x0000000020000d4a                OSPrioCur
 .bss.OSPrioHighRdy
                0x0000000020000d4b        0x1 CMakeFiles/Airplane.dir/OS/Src/ucos_ii.obj
                0x0000000020000d4b                OSPrioHighRdy
 .bss.OSRdyGrp  0x0000000020000d4c        0x1 CMakeFiles/Airplane.dir/OS/Src/ucos_ii.obj
                0x0000000020000d4c                OSRdyGrp
 *fill*         0x0000000020000d4d        0x3 
 .bss.OSRdyTbl  0x0000000020000d50        0x8 CMakeFiles/Airplane.dir/OS/Src/ucos_ii.obj
                0x0000000020000d50                OSRdyTbl
 .bss.OSRunning
                0x0000000020000d58        0x1 CMakeFiles/Airplane.dir/OS/Src/ucos_ii.obj
                0x0000000020000d58                OSRunning
 .bss.OSTaskCtr
                0x0000000020000d59        0x1 CMakeFiles/Airplane.dir/OS/Src/ucos_ii.obj
                0x0000000020000d59                OSTaskCtr
 *fill*         0x0000000020000d5a        0x2 
 .bss.OSIdleCtr
                0x0000000020000d5c        0x4 CMakeFiles/Airplane.dir/OS/Src/ucos_ii.obj
                0x0000000020000d5c                OSIdleCtr
 .bss.OSTaskIdleStk
                0x0000000020000d60      0x200 CMakeFiles/Airplane.dir/OS/Src/ucos_ii.obj
                0x0000000020000d60                OSTaskIdleStk
 .bss.OSTCBCur  0x0000000020000f60        0x4 CMakeFiles/Airplane.dir/OS/Src/ucos_ii.obj
                0x0000000020000f60                OSTCBCur
 .bss.OSTCBFreeList
                0x0000000020000f64        0x4 CMakeFiles/Airplane.dir/OS/Src/ucos_ii.obj
                0x0000000020000f64                OSTCBFreeList
 .bss.OSTCBHighRdy
                0x0000000020000f68        0x4 CMakeFiles/Airplane.dir/OS/Src/ucos_ii.obj
                0x0000000020000f68                OSTCBHighRdy
 .bss.OSTCBList
                0x0000000020000f6c        0x4 CMakeFiles/Airplane.dir/OS/Src/ucos_ii.obj
                0x0000000020000f6c                OSTCBList
 .bss.OSTCBPrioTbl
                0x0000000020000f70      0x100 CMakeFiles/Airplane.dir/OS/Src/ucos_ii.obj
                0x0000000020000f70                OSTCBPrioTbl
 .bss.OSTCBTbl  0x0000000020001070      0x7e8 CMakeFiles/Airplane.dir/OS/Src/ucos_ii.obj
                0x0000000020001070                OSTCBTbl
 .bss.OSTickStepState
                0x0000000020001858        0x1 CMakeFiles/Airplane.dir/OS/Src/ucos_ii.obj
                0x0000000020001858                OSTickStepState
 *fill*         0x0000000020001859        0x3 
 .bss.OSMemFreeList
                0x000000002000185c        0x4 CMakeFiles/Airplane.dir/OS/Src/ucos_ii.obj
                0x000000002000185c                OSMemFreeList
 .bss.OSMemTbl  0x0000000020001860       0x78 CMakeFiles/Airplane.dir/OS/Src/ucos_ii.obj
                0x0000000020001860                OSMemTbl
 .bss.OSQFreeList
                0x00000000200018d8        0x4 CMakeFiles/Airplane.dir/OS/Src/ucos_ii.obj
                0x00000000200018d8                OSQFreeList
 .bss.OSQTbl    0x00000000200018dc       0x60 CMakeFiles/Airplane.dir/OS/Src/ucos_ii.obj
                0x00000000200018dc                OSQTbl
 .bss.OSTaskRegNextAvailID
                0x000000002000193c        0x1 CMakeFiles/Airplane.dir/OS/Src/ucos_ii.obj
                0x000000002000193c                OSTaskRegNextAvailID
 *fill*         0x000000002000193d        0x3 
 .bss.OSTime    0x0000000020001940        0x4 CMakeFiles/Airplane.dir/OS/Src/ucos_ii.obj
                0x0000000020001940                OSTime
 .bss.OSTmrFree
                0x0000000020001944        0x2 CMakeFiles/Airplane.dir/OS/Src/ucos_ii.obj
                0x0000000020001944                OSTmrFree
 .bss.OSTmrUsed
                0x0000000020001946        0x2 CMakeFiles/Airplane.dir/OS/Src/ucos_ii.obj
                0x0000000020001946                OSTmrUsed
 .bss.OSTmrTime
                0x0000000020001948        0x4 CMakeFiles/Airplane.dir/OS/Src/ucos_ii.obj
                0x0000000020001948                OSTmrTime
 .bss.OSTmrSem  0x000000002000194c        0x4 CMakeFiles/Airplane.dir/OS/Src/ucos_ii.obj
                0x000000002000194c                OSTmrSem
 .bss.OSTmrSemSignal
                0x0000000020001950        0x4 CMakeFiles/Airplane.dir/OS/Src/ucos_ii.obj
                0x0000000020001950                OSTmrSemSignal
 .bss.OSTmrTbl  0x0000000020001954      0x280 CMakeFiles/Airplane.dir/OS/Src/ucos_ii.obj
                0x0000000020001954                OSTmrTbl
 .bss.OSTmrFreeList
                0x0000000020001bd4        0x4 CMakeFiles/Airplane.dir/OS/Src/ucos_ii.obj
                0x0000000020001bd4                OSTmrFreeList
 .bss.OSTmrTaskStk
                0x0000000020001bd8      0x200 CMakeFiles/Airplane.dir/OS/Src/ucos_ii.obj
                0x0000000020001bd8                OSTmrTaskStk
 .bss.OSTmrWheelTbl
                0x0000000020001dd8       0x38 CMakeFiles/Airplane.dir/OS/Src/ucos_ii.obj
                0x0000000020001dd8                OSTmrWheelTbl
 .bss.TASK_START_STK
                0x0000000020001e10      0x200 CMakeFiles/Airplane.dir/USR/main.obj
                0x0000000020001e10                TASK_START_STK
 .bss.TASK_Attitude_STK
                0x0000000020002010      0x200 CMakeFiles/Airplane.dir/USR/main.obj
                0x0000000020002010                TASK_Attitude_STK
 .bss.TASK_Pid_STK
                0x0000000020002210      0x200 CMakeFiles/Airplane.dir/USR/main.obj
                0x0000000020002210                TASK_Pid_STK
 .bss.attitude_mutex
                0x0000000020002410        0x4 CMakeFiles/Airplane.dir/USR/mutex.obj
                0x0000000020002410                attitude_mutex
 .bss.attitude_err
                0x0000000020002414        0x1 CMakeFiles/Airplane.dir/USR/mutex.obj
                0x0000000020002414                attitude_err
 *fill*         0x0000000020002415        0x3 
 .bss.angle_roll
                0x0000000020002418        0x4 CMakeFiles/Airplane.dir/USR/task.obj
                0x0000000020002418                angle_roll
 .bss.angle_pitch
                0x000000002000241c        0x4 CMakeFiles/Airplane.dir/USR/task.obj
                0x000000002000241c                angle_pitch
 .bss.angle_yaw
                0x0000000020002420        0x4 CMakeFiles/Airplane.dir/USR/task.obj
                0x0000000020002420                angle_yaw
 .bss.attitude  0x0000000020002424       0x18 CMakeFiles/Airplane.dir/USR/task.obj
                0x0000000020002424                attitude
 *(COMMON)
                0x000000002000243c                . = ALIGN (0x4)
                0x000000002000243c                _ebss = .
                0x000000002000243c                __bss_end__ = _ebss

._user_heap_stack
                0x000000002000243c      0x604 load address 0x0000000008008720
                0x0000000020002440                . = ALIGN (0x8)
 *fill*         0x000000002000243c        0x4 
                0x0000000020002440                PROVIDE (end = .)
                [!provide]                        PROVIDE (_end = .)
                0x0000000020002640                . = (. + _Min_Heap_Size)
 *fill*         0x0000000020002440      0x200 
                0x0000000020002a40                . = (. + _Min_Stack_Size)
 *fill*         0x0000000020002640      0x400 
                0x0000000020002a40                . = ALIGN (0x8)

/DISCARD/
 libc.a(*)
 libm.a(*)
 libgcc.a(*)

.ARM.attributes
                0x0000000000000000       0x30
 *(.ARM.attributes)
 .ARM.attributes
                0x0000000000000000       0x1e /usr/lib/gcc/arm-none-eabi/10.3.1/thumb/v7e-m+fp/hard/crti.o
 .ARM.attributes
                0x000000000000001e       0x34 /usr/lib/gcc/arm-none-eabi/10.3.1/thumb/v7e-m+fp/hard/crtbegin.o
 .ARM.attributes
                0x0000000000000052       0x34 CMakeFiles/Airplane.dir/Driver/Src/Delay.obj
 .ARM.attributes
                0x0000000000000086       0x34 CMakeFiles/Airplane.dir/Driver/Src/HMC5883L.obj
 .ARM.attributes
                0x00000000000000ba       0x34 CMakeFiles/Airplane.dir/Driver/Src/Led.obj
 .ARM.attributes
                0x00000000000000ee       0x34 CMakeFiles/Airplane.dir/Driver/Src/MPU6050.obj
 .ARM.attributes
                0x0000000000000122       0x34 CMakeFiles/Airplane.dir/Driver/Src/PWM.obj
 .ARM.attributes
                0x0000000000000156       0x34 CMakeFiles/Airplane.dir/Driver/Src/Timer.obj
 .ARM.attributes
                0x000000000000018a       0x34 CMakeFiles/Airplane.dir/Driver/Src/USART.obj
 .ARM.attributes
                0x00000000000001be       0x34 CMakeFiles/Airplane.dir/Driver/Src/attitude.obj
 .ARM.attributes
                0x00000000000001f2       0x34 CMakeFiles/Airplane.dir/Driver/Src/madgwick.obj
 .ARM.attributes
                0x0000000000000226       0x34 CMakeFiles/Airplane.dir/Driver/Src/motor.obj
 .ARM.attributes
                0x000000000000025a       0x34 CMakeFiles/Airplane.dir/Driver/Src/myiic.obj
 .ARM.attributes
                0x000000000000028e       0x34 CMakeFiles/Airplane.dir/Driver/Src/pid.obj
 .ARM.attributes
                0x00000000000002c2       0x34 CMakeFiles/Airplane.dir/OS/Src/app_hooks.obj
 .ARM.attributes
                0x00000000000002f6       0x34 CMakeFiles/Airplane.dir/OS/Src/os_cpu_c.obj
 .ARM.attributes
                0x000000000000032a       0x34 CMakeFiles/Airplane.dir/OS/Src/os_dbg_r.obj
 .ARM.attributes
                0x000000000000035e       0x34 CMakeFiles/Airplane.dir/OS/Src/ucos_ii.obj
 .ARM.attributes
                0x0000000000000392       0x34 CMakeFiles/Airplane.dir/STM32F40xLib/Src/misc.obj
 .ARM.attributes
                0x00000000000003c6       0x34 CMakeFiles/Airplane.dir/STM32F40xLib/Src/stm32f4xx_gpio.obj
 .ARM.attributes
                0x00000000000003fa       0x34 CMakeFiles/Airplane.dir/STM32F40xLib/Src/stm32f4xx_it.obj
 .ARM.attributes
                0x000000000000042e       0x34 CMakeFiles/Airplane.dir/STM32F40xLib/Src/stm32f4xx_rcc.obj
 .ARM.attributes
                0x0000000000000462       0x34 CMakeFiles/Airplane.dir/STM32F40xLib/Src/stm32f4xx_tim.obj
 .ARM.attributes
                0x0000000000000496       0x34 CMakeFiles/Airplane.dir/STM32F40xLib/Src/stm32f4xx_usart.obj
 .ARM.attributes
                0x00000000000004ca       0x34 CMakeFiles/Airplane.dir/STM32F40xLib/Src/system_stm32f4xx.obj
 .ARM.attributes
                0x00000000000004fe       0x34 CMakeFiles/Airplane.dir/USR/main.obj
 .ARM.attributes
                0x0000000000000532       0x34 CMakeFiles/Airplane.dir/USR/mutex.obj
 .ARM.attributes
                0x0000000000000566       0x34 CMakeFiles/Airplane.dir/USR/task.obj
 .ARM.attributes
                0x000000000000059a       0x21 CMakeFiles/Airplane.dir/startup_stm32f401xe.obj
 .ARM.attributes
                0x00000000000005bb       0x20 CMakeFiles/Airplane.dir/OS/os_cpu_a.obj
 .ARM.attributes
                0x00000000000005db       0x1e /usr/lib/gcc/arm-none-eabi/10.3.1/thumb/v7e-m+fp/hard/libgcc.a(_arm_addsubdf3.o)
 .ARM.attributes
                0x00000000000005f9       0x1e /usr/lib/gcc/arm-none-eabi/10.3.1/thumb/v7e-m+fp/hard/libgcc.a(_arm_muldivdf3.o)
 .ARM.attributes
                0x0000000000000617       0x1e /usr/lib/gcc/arm-none-eabi/10.3.1/thumb/v7e-m+fp/hard/libgcc.a(_arm_cmpdf2.o)
 .ARM.attributes
                0x0000000000000635       0x1e /usr/lib/gcc/arm-none-eabi/10.3.1/thumb/v7e-m+fp/hard/libgcc.a(_arm_truncdfsf2.o)
 .ARM.attributes
                0x0000000000000653       0x34 /usr/lib/gcc/arm-none-eabi/10.3.1/../../../arm-none-eabi/lib/thumb/v7e-m+fp/hard/libc.a(lib_a-atexit.o)
 .ARM.attributes
                0x0000000000000687       0x34 /usr/lib/gcc/arm-none-eabi/10.3.1/../../../arm-none-eabi/lib/thumb/v7e-m+fp/hard/libc.a(lib_a-fini.o)
 .ARM.attributes
                0x00000000000006bb       0x32 /usr/lib/gcc/arm-none-eabi/10.3.1/../../../arm-none-eabi/lib/thumb/v7e-m+fp/hard/libc.a(lib_a-impure.o)
 .ARM.attributes
                0x00000000000006ed       0x34 /usr/lib/gcc/arm-none-eabi/10.3.1/../../../arm-none-eabi/lib/thumb/v7e-m+fp/hard/libc.a(lib_a-init.o)
 .ARM.attributes
                0x0000000000000721       0x34 /usr/lib/gcc/arm-none-eabi/10.3.1/../../../arm-none-eabi/lib/thumb/v7e-m+fp/hard/libc.a(lib_a-__atexit.o)
 .ARM.attributes
                0x0000000000000755       0x34 /usr/lib/gcc/arm-none-eabi/10.3.1/../../../arm-none-eabi/lib/thumb/v7e-m+fp/hard/libc.a(lib_a-__call_atexit.o)
 .ARM.attributes
                0x0000000000000789       0x1e /usr/lib/gcc/arm-none-eabi/10.3.1/thumb/v7e-m+fp/hard/libgcc.a(_arm_unorddf2.o)
 .ARM.attributes
                0x00000000000007a7       0x34 /usr/lib/gcc/arm-none-eabi/10.3.1/../../../arm-none-eabi/lib/thumb/v7e-m+fp/hard/libc.a(lib_a-errno.o)
 .ARM.attributes
                0x00000000000007db       0x32 /usr/lib/gcc/arm-none-eabi/10.3.1/thumb/v7e-m+fp/hard/crtend.o
 .ARM.attributes
                0x000000000000080d       0x1e /usr/lib/gcc/arm-none-eabi/10.3.1/thumb/v7e-m+fp/hard/crtn.o
OUTPUT(Airplane elf32-littlearm)
LOAD linker stubs
LOAD /usr/lib/gcc/arm-none-eabi/10.3.1/../../../arm-none-eabi/lib/thumb/v7e-m+fp/hard/libc.a
LOAD /usr/lib/gcc/arm-none-eabi/10.3.1/../../../arm-none-eabi/lib/thumb/v7e-m+fp/hard/libm.a
LOAD /usr/lib/gcc/arm-none-eabi/10.3.1/thumb/v7e-m+fp/hard/libgcc.a

.comment        0x0000000000000000       0x33
 .comment       0x0000000000000000       0x33 /usr/lib/gcc/arm-none-eabi/10.3.1/thumb/v7e-m+fp/hard/crtbegin.o
                                         0x34 (size before relaxing)
 .comment       0x0000000000000033       0x34 CMakeFiles/Airplane.dir/Driver/Src/Delay.obj
 .comment       0x0000000000000033       0x34 CMakeFiles/Airplane.dir/Driver/Src/HMC5883L.obj
 .comment       0x0000000000000033       0x34 CMakeFiles/Airplane.dir/Driver/Src/Led.obj
 .comment       0x0000000000000033       0x34 CMakeFiles/Airplane.dir/Driver/Src/MPU6050.obj
 .comment       0x0000000000000033       0x34 CMakeFiles/Airplane.dir/Driver/Src/PWM.obj
 .comment       0x0000000000000033       0x34 CMakeFiles/Airplane.dir/Driver/Src/Timer.obj
 .comment       0x0000000000000033       0x34 CMakeFiles/Airplane.dir/Driver/Src/USART.obj
 .comment       0x0000000000000033       0x34 CMakeFiles/Airplane.dir/Driver/Src/attitude.obj
 .comment       0x0000000000000033       0x34 CMakeFiles/Airplane.dir/Driver/Src/madgwick.obj
 .comment       0x0000000000000033       0x34 CMakeFiles/Airplane.dir/Driver/Src/motor.obj
 .comment       0x0000000000000033       0x34 CMakeFiles/Airplane.dir/Driver/Src/myiic.obj
 .comment       0x0000000000000033       0x34 CMakeFiles/Airplane.dir/Driver/Src/pid.obj
 .comment       0x0000000000000033       0x34 CMakeFiles/Airplane.dir/OS/Src/app_hooks.obj
 .comment       0x0000000000000033       0x34 CMakeFiles/Airplane.dir/OS/Src/os_cpu_c.obj
 .comment       0x0000000000000033       0x34 CMakeFiles/Airplane.dir/OS/Src/os_dbg_r.obj
 .comment       0x0000000000000033       0x34 CMakeFiles/Airplane.dir/OS/Src/ucos_ii.obj
 .comment       0x0000000000000033       0x34 CMakeFiles/Airplane.dir/STM32F40xLib/Src/misc.obj
 .comment       0x0000000000000033       0x34 CMakeFiles/Airplane.dir/STM32F40xLib/Src/stm32f4xx_gpio.obj
 .comment       0x0000000000000033       0x34 CMakeFiles/Airplane.dir/STM32F40xLib/Src/stm32f4xx_it.obj
 .comment       0x0000000000000033       0x34 CMakeFiles/Airplane.dir/STM32F40xLib/Src/stm32f4xx_rcc.obj
 .comment       0x0000000000000033       0x34 CMakeFiles/Airplane.dir/STM32F40xLib/Src/stm32f4xx_tim.obj
 .comment       0x0000000000000033       0x34 CMakeFiles/Airplane.dir/STM32F40xLib/Src/stm32f4xx_usart.obj
 .comment       0x0000000000000033       0x34 CMakeFiles/Airplane.dir/STM32F40xLib/Src/system_stm32f4xx.obj
 .comment       0x0000000000000033       0x34 CMakeFiles/Airplane.dir/USR/main.obj
 .comment       0x0000000000000033       0x34 CMakeFiles/Airplane.dir/USR/mutex.obj
 .comment       0x0000000000000033       0x34 CMakeFiles/Airplane.dir/USR/task.obj
 .comment       0x0000000000000033       0x34 /usr/lib/gcc/arm-none-eabi/10.3.1/../../../arm-none-eabi/lib/thumb/v7e-m+fp/hard/libc.a(lib_a-atexit.o)
 .comment       0x0000000000000033       0x34 /usr/lib/gcc/arm-none-eabi/10.3.1/../../../arm-none-eabi/lib/thumb/v7e-m+fp/hard/libc.a(lib_a-fini.o)
 .comment       0x0000000000000033       0x34 /usr/lib/gcc/arm-none-eabi/10.3.1/../../../arm-none-eabi/lib/thumb/v7e-m+fp/hard/libc.a(lib_a-impure.o)
 .comment       0x0000000000000033       0x34 /usr/lib/gcc/arm-none-eabi/10.3.1/../../../arm-none-eabi/lib/thumb/v7e-m+fp/hard/libc.a(lib_a-init.o)
 .comment       0x0000000000000033       0x34 /usr/lib/gcc/arm-none-eabi/10.3.1/../../../arm-none-eabi/lib/thumb/v7e-m+fp/hard/libc.a(lib_a-__atexit.o)
 .comment       0x0000000000000033       0x34 /usr/lib/gcc/arm-none-eabi/10.3.1/../../../arm-none-eabi/lib/thumb/v7e-m+fp/hard/libc.a(lib_a-__call_atexit.o)
 .comment       0x0000000000000033       0x34 /usr/lib/gcc/arm-none-eabi/10.3.1/../../../arm-none-eabi/lib/thumb/v7e-m+fp/hard/libc.a(lib_a-errno.o)
 .comment       0x0000000000000033       0x34 /usr/lib/gcc/arm-none-eabi/10.3.1/thumb/v7e-m+fp/hard/crtend.o

.debug_line     0x0000000000000000      0xdd6
 .debug_line    0x0000000000000000      0x186 /usr/lib/gcc/arm-none-eabi/10.3.1/thumb/v7e-m+fp/hard/libgcc.a(_arm_addsubdf3.o)
 .debug_line    0x0000000000000186      0x19b /usr/lib/gcc/arm-none-eabi/10.3.1/thumb/v7e-m+fp/hard/libgcc.a(_arm_muldivdf3.o)
 .debug_line    0x0000000000000321       0xbd /usr/lib/gcc/arm-none-eabi/10.3.1/thumb/v7e-m+fp/hard/libgcc.a(_arm_cmpdf2.o)
 .debug_line    0x00000000000003de       0x8d /usr/lib/gcc/arm-none-eabi/10.3.1/thumb/v7e-m+fp/hard/libgcc.a(_arm_truncdfsf2.o)
 .debug_line    0x000000000000046b       0xc0 /usr/lib/gcc/arm-none-eabi/10.3.1/../../../arm-none-eabi/lib/thumb/v7e-m+fp/hard/libc.a(lib_a-atexit.o)
 .debug_line    0x000000000000052b       0xed /usr/lib/gcc/arm-none-eabi/10.3.1/../../../arm-none-eabi/lib/thumb/v7e-m+fp/hard/libc.a(lib_a-fini.o)
 .debug_line    0x0000000000000618       0xe4 /usr/lib/gcc/arm-none-eabi/10.3.1/../../../arm-none-eabi/lib/thumb/v7e-m+fp/hard/libc.a(lib_a-impure.o)
 .debug_line    0x00000000000006fc      0x138 /usr/lib/gcc/arm-none-eabi/10.3.1/../../../arm-none-eabi/lib/thumb/v7e-m+fp/hard/libc.a(lib_a-init.o)
 .debug_line    0x0000000000000834      0x19e /usr/lib/gcc/arm-none-eabi/10.3.1/../../../arm-none-eabi/lib/thumb/v7e-m+fp/hard/libc.a(lib_a-__atexit.o)
 .debug_line    0x00000000000009d2      0x28d /usr/lib/gcc/arm-none-eabi/10.3.1/../../../arm-none-eabi/lib/thumb/v7e-m+fp/hard/libc.a(lib_a-__call_atexit.o)
 .debug_line    0x0000000000000c5f       0x6e /usr/lib/gcc/arm-none-eabi/10.3.1/thumb/v7e-m+fp/hard/libgcc.a(_arm_unorddf2.o)
 .debug_line    0x0000000000000ccd      0x109 /usr/lib/gcc/arm-none-eabi/10.3.1/../../../arm-none-eabi/lib/thumb/v7e-m+fp/hard/libc.a(lib_a-errno.o)

.debug_info     0x0000000000000000     0x2a05
 .debug_info    0x0000000000000000       0x26 /usr/lib/gcc/arm-none-eabi/10.3.1/thumb/v7e-m+fp/hard/libgcc.a(_arm_addsubdf3.o)
 .debug_info    0x0000000000000026       0x26 /usr/lib/gcc/arm-none-eabi/10.3.1/thumb/v7e-m+fp/hard/libgcc.a(_arm_muldivdf3.o)
 .debug_info    0x000000000000004c       0x26 /usr/lib/gcc/arm-none-eabi/10.3.1/thumb/v7e-m+fp/hard/libgcc.a(_arm_cmpdf2.o)
 .debug_info    0x0000000000000072       0x26 /usr/lib/gcc/arm-none-eabi/10.3.1/thumb/v7e-m+fp/hard/libgcc.a(_arm_truncdfsf2.o)
 .debug_info    0x0000000000000098      0x100 /usr/lib/gcc/arm-none-eabi/10.3.1/../../../arm-none-eabi/lib/thumb/v7e-m+fp/hard/libc.a(lib_a-atexit.o)
 .debug_info    0x0000000000000198      0x102 /usr/lib/gcc/arm-none-eabi/10.3.1/../../../arm-none-eabi/lib/thumb/v7e-m+fp/hard/libc.a(lib_a-fini.o)
 .debug_info    0x000000000000029a      0x92a /usr/lib/gcc/arm-none-eabi/10.3.1/../../../arm-none-eabi/lib/thumb/v7e-m+fp/hard/libc.a(lib_a-impure.o)
 .debug_info    0x0000000000000bc4      0x11a /usr/lib/gcc/arm-none-eabi/10.3.1/../../../arm-none-eabi/lib/thumb/v7e-m+fp/hard/libc.a(lib_a-init.o)
 .debug_info    0x0000000000000cde      0x9b0 /usr/lib/gcc/arm-none-eabi/10.3.1/../../../arm-none-eabi/lib/thumb/v7e-m+fp/hard/libc.a(lib_a-__atexit.o)
 .debug_info    0x000000000000168e      0xa3d /usr/lib/gcc/arm-none-eabi/10.3.1/../../../arm-none-eabi/lib/thumb/v7e-m+fp/hard/libc.a(lib_a-__call_atexit.o)
 .debug_info    0x00000000000020cb       0x26 /usr/lib/gcc/arm-none-eabi/10.3.1/thumb/v7e-m+fp/hard/libgcc.a(_arm_unorddf2.o)
 .debug_info    0x00000000000020f1      0x914 /usr/lib/gcc/arm-none-eabi/10.3.1/../../../arm-none-eabi/lib/thumb/v7e-m+fp/hard/libc.a(lib_a-errno.o)

.debug_abbrev   0x0000000000000000      0xb1d
 .debug_abbrev  0x0000000000000000       0x14 /usr/lib/gcc/arm-none-eabi/10.3.1/thumb/v7e-m+fp/hard/libgcc.a(_arm_addsubdf3.o)
 .debug_abbrev  0x0000000000000014       0x14 /usr/lib/gcc/arm-none-eabi/10.3.1/thumb/v7e-m+fp/hard/libgcc.a(_arm_muldivdf3.o)